<testsuites id="" name="" tests="75" failures="10" skipped="0" errors="55" time="72.70815800000001">
<testsuite name="critical-flows.spec.js" timestamp="2026-07-13T13:48:31.932Z" hostname="chromium" tests="15" failures="2" skipped="0" time="77.737" errors="11">
<testcase name="KDP Creator Suite - Critical Flows › Landing Page › should load the main domain without errors" classname="critical-flows.spec.js" time="0.741">
<system-out>
<![CDATA[
[[ATTACHMENT|critical-flows-KDP-Creator-150ff--main-domain-without-errors-chromium/test-failed-1.png]]

[[ATTACHMENT|critical-flows-KDP-Creator-150ff--main-domain-without-errors-chromium/video.webm]]

[[ATTACHMENT|critical-flows-KDP-Creator-150ff--main-domain-without-errors-chromium/error-context.md]]
]]>
</system-out>
<error message="page.goto: net::ERR_NAME_NOT_RESOLVED at https://kdpsuite.com/" type="Error">
<![CDATA[  [chromium] › critical-flows.spec.js:16:5 › KDP Creator Suite - Critical Flows › Landing Page › should load the main domain without errors 

    Error: page.goto: net::ERR_NAME_NOT_RESOLVED at https://kdpsuite.com/
    Call log:
      - navigating to "https://kdpsuite.com/", waiting until "networkidle"


      16 |     test('should load the main domain without errors', async ({ page }) => {
      17 |       // Navigate to main domain
    > 18 |       const response = await page.goto('https://kdpsuite.com', { waitUntil: 'networkidle' });
         |                                   ^
      19 |       
      20 |       // Check response status
      21 |       expect(response.status()).toBeLessThan(400);
        at /home/unloved/kdpsuite/KDP-Creator-Suite/tests/e2e/critical-flows.spec.js:18:35

    attachment #1: screenshot (image/png) ──────────────────────────────────────────────────────────
    ../../test-results/critical-flows-KDP-Creator-150ff--main-domain-without-errors-chromium/test-failed-1.png
    ────────────────────────────────────────────────────────────────────────────────────────────────

    attachment #2: video (video/webm) ──────────────────────────────────────────────────────────────
    ../../test-results/critical-flows-KDP-Creator-150ff--main-domain-without-errors-chromium/video.webm
    ────────────────────────────────────────────────────────────────────────────────────────────────

    Error Context: ../../test-results/critical-flows-KDP-Creator-150ff--main-domain-without-errors-chromium/error-context.md
]]>
</error>
</testcase>
<testcase name="KDP Creator Suite - Critical Flows › Landing Page › should have navigation links" classname="critical-flows.spec.js" time="0.73">
<system-out>
<![CDATA[
[[ATTACHMENT|critical-flows-KDP-Creator-6de48-hould-have-navigation-links-chromium/test-failed-1.png]]

[[ATTACHMENT|critical-flows-KDP-Creator-6de48-hould-have-navigation-links-chromium/video.webm]]

[[ATTACHMENT|critical-flows-KDP-Creator-6de48-hould-have-navigation-links-chromium/error-context.md]]
]]>
</system-out>
<error message="page.goto: net::ERR_NAME_NOT_RESOLVED at https://kdpsuite.com/" type="Error">
<![CDATA[  [chromium] › critical-flows.spec.js:37:5 › KDP Creator Suite - Critical Flows › Landing Page › should have navigation links 

    Error: page.goto: net::ERR_NAME_NOT_RESOLVED at https://kdpsuite.com/
    Call log:
      - navigating to "https://kdpsuite.com/", waiting until "networkidle"


      36 |
      37 |     test('should have navigation links', async ({ page }) => {
    > 38 |       await page.goto('/', { waitUntil: 'networkidle' });
         |                  ^
      39 |       
      40 |       // Check for common navigation elements
      41 |       const navLinks = page.locator('nav a, header a, [role="navigation"] a');
        at /home/unloved/kdpsuite/KDP-Creator-Suite/tests/e2e/critical-flows.spec.js:38:18

    attachment #1: screenshot (image/png) ──────────────────────────────────────────────────────────
    ../../test-results/critical-flows-KDP-Creator-6de48-hould-have-navigation-links-chromium/test-failed-1.png
    ────────────────────────────────────────────────────────────────────────────────────────────────

    attachment #2: video (video/webm) ──────────────────────────────────────────────────────────────
    ../../test-results/critical-flows-KDP-Creator-6de48-hould-have-navigation-links-chromium/video.webm
    ────────────────────────────────────────────────────────────────────────────────────────────────

    Error Context: ../../test-results/critical-flows-KDP-Creator-6de48-hould-have-navigation-links-chromium/error-context.md
]]>
</error>
</testcase>
<testcase name="KDP Creator Suite - Critical Flows › Landing Page › should have login button or link" classname="critical-flows.spec.js" time="0.725">
<system-out>
<![CDATA[
[[ATTACHMENT|critical-flows-KDP-Creator-409b0-d-have-login-button-or-link-chromium/test-failed-1.png]]

[[ATTACHMENT|critical-flows-KDP-Creator-409b0-d-have-login-button-or-link-chromium/video.webm]]

[[ATTACHMENT|critical-flows-KDP-Creator-409b0-d-have-login-button-or-link-chromium/error-context.md]]
]]>
</system-out>
<error message="page.goto: net::ERR_NAME_NOT_RESOLVED at https://kdpsuite.com/" type="Error">
<![CDATA[  [chromium] › critical-flows.spec.js:47:5 › KDP Creator Suite - Critical Flows › Landing Page › should have login button or link 

    Error: page.goto: net::ERR_NAME_NOT_RESOLVED at https://kdpsuite.com/
    Call log:
      - navigating to "https://kdpsuite.com/", waiting until "networkidle"


      46 |
      47 |     test('should have login button or link', async ({ page }) => {
    > 48 |       await page.goto('/', { waitUntil: 'networkidle' });
         |                  ^
      49 |       
      50 |       // Look for login button/link
      51 |       const loginButton = page.locator('button:has-text("Login"), a:has-text("Login"), button:has-text("Sign In"), a:has-text("Sign In")');
        at /home/unloved/kdpsuite/KDP-Creator-Suite/tests/e2e/critical-flows.spec.js:48:18

    attachment #1: screenshot (image/png) ──────────────────────────────────────────────────────────
    ../../test-results/critical-flows-KDP-Creator-409b0-d-have-login-button-or-link-chromium/test-failed-1.png
    ────────────────────────────────────────────────────────────────────────────────────────────────

    attachment #2: video (video/webm) ──────────────────────────────────────────────────────────────
    ../../test-results/critical-flows-KDP-Creator-409b0-d-have-login-button-or-link-chromium/video.webm
    ────────────────────────────────────────────────────────────────────────────────────────────────

    Error Context: ../../test-results/critical-flows-KDP-Creator-409b0-d-have-login-button-or-link-chromium/error-context.md
]]>
</error>
</testcase>
<testcase name="KDP Creator Suite - Critical Flows › Login Flow › should navigate to login page" classname="critical-flows.spec.js" time="2.014">
</testcase>
<testcase name="KDP Creator Suite - Critical Flows › Login Flow › should show validation errors for empty form" classname="critical-flows.spec.js" time="0.714">
<system-out>
<![CDATA[
[[ATTACHMENT|critical-flows-KDP-Creator-c38a6-ation-errors-for-empty-form-chromium/test-failed-1.png]]

[[ATTACHMENT|critical-flows-KDP-Creator-c38a6-ation-errors-for-empty-form-chromium/video.webm]]

[[ATTACHMENT|critical-flows-KDP-Creator-c38a6-ation-errors-for-empty-form-chromium/error-context.md]]
]]>
</system-out>
<error message="page.goto: net::ERR_NAME_NOT_RESOLVED at https://kdpsuite.com/login" type="Error">
<![CDATA[  [chromium] › critical-flows.spec.js:69:5 › KDP Creator Suite - Critical Flows › Login Flow › should show validation errors for empty form 

    Error: page.goto: net::ERR_NAME_NOT_RESOLVED at https://kdpsuite.com/login
    Call log:
      - navigating to "https://kdpsuite.com/login", waiting until "networkidle"


      68 |
      69 |     test('should show validation errors for empty form', async ({ page }) => {
    > 70 |       await page.goto('/login', { waitUntil: 'networkidle' });
         |                  ^
      71 |       
      72 |       // Try to submit empty form
      73 |       const submitButton = page.locator('button[type="submit"], button:has-text("Login"), button:has-text("Sign In")');
        at /home/unloved/kdpsuite/KDP-Creator-Suite/tests/e2e/critical-flows.spec.js:70:18

    attachment #1: screenshot (image/png) ──────────────────────────────────────────────────────────
    ../../test-results/critical-flows-KDP-Creator-c38a6-ation-errors-for-empty-form-chromium/test-failed-1.png
    ────────────────────────────────────────────────────────────────────────────────────────────────

    attachment #2: video (video/webm) ──────────────────────────────────────────────────────────────
    ../../test-results/critical-flows-KDP-Creator-c38a6-ation-errors-for-empty-form-chromium/video.webm
    ────────────────────────────────────────────────────────────────────────────────────────────────

    Error Context: ../../test-results/critical-flows-KDP-Creator-c38a6-ation-errors-for-empty-form-chromium/error-context.md
]]>
</error>
</testcase>
<testcase name="KDP Creator Suite - Critical Flows › Login Flow › should reject invalid credentials" classname="critical-flows.spec.js" time="0.712">
<system-out>
<![CDATA[
[[ATTACHMENT|critical-flows-KDP-Creator-5f5b6--reject-invalid-credentials-chromium/test-failed-1.png]]

[[ATTACHMENT|critical-flows-KDP-Creator-5f5b6--reject-invalid-credentials-chromium/video.webm]]

[[ATTACHMENT|critical-flows-KDP-Creator-5f5b6--reject-invalid-credentials-chromium/error-context.md]]
]]>
</system-out>
<error message="page.goto: net::ERR_NAME_NOT_RESOLVED at https://kdpsuite.com/login" type="Error">
<![CDATA[  [chromium] › critical-flows.spec.js:84:5 › KDP Creator Suite - Critical Flows › Login Flow › should reject invalid credentials 

    Error: page.goto: net::ERR_NAME_NOT_RESOLVED at https://kdpsuite.com/login
    Call log:
      - navigating to "https://kdpsuite.com/login", waiting until "networkidle"


      83 |
      84 |     test('should reject invalid credentials', async ({ page }) => {
    > 85 |       await page.goto('/login', { waitUntil: 'networkidle' });
         |                  ^
      86 |       
      87 |       // Fill with invalid credentials
      88 |       await page.fill('input[type="email"]', 'invalid@test.com');
        at /home/unloved/kdpsuite/KDP-Creator-Suite/tests/e2e/critical-flows.spec.js:85:18

    attachment #1: screenshot (image/png) ──────────────────────────────────────────────────────────
    ../../test-results/critical-flows-KDP-Creator-5f5b6--reject-invalid-credentials-chromium/test-failed-1.png
    ────────────────────────────────────────────────────────────────────────────────────────────────

    attachment #2: video (video/webm) ──────────────────────────────────────────────────────────────
    ../../test-results/critical-flows-KDP-Creator-5f5b6--reject-invalid-credentials-chromium/video.webm
    ────────────────────────────────────────────────────────────────────────────────────────────────

    Error Context: ../../test-results/critical-flows-KDP-Creator-5f5b6--reject-invalid-credentials-chromium/error-context.md
]]>
</error>
</testcase>
<testcase name="KDP Creator Suite - Critical Flows › Login Flow › should successfully login with valid credentials" classname="critical-flows.spec.js" time="0.8">
<system-out>
<![CDATA[
[[ATTACHMENT|critical-flows-KDP-Creator-7dce5-ogin-with-valid-credentials-chromium/test-failed-1.png]]

[[ATTACHMENT|critical-flows-KDP-Creator-7dce5-ogin-with-valid-credentials-chromium/video.webm]]

[[ATTACHMENT|critical-flows-KDP-Creator-7dce5-ogin-with-valid-credentials-chromium/error-context.md]]
]]>
</system-out>
<error message="page.goto: net::ERR_NAME_NOT_RESOLVED at https://kdpsuite.com/login" type="Error">
<![CDATA[  [chromium] › critical-flows.spec.js:106:5 › KDP Creator Suite - Critical Flows › Login Flow › should successfully login with valid credentials 

    Error: page.goto: net::ERR_NAME_NOT_RESOLVED at https://kdpsuite.com/login
    Call log:
      - navigating to "https://kdpsuite.com/login", waiting until "networkidle"


      105 |
      106 |     test('should successfully login with valid credentials', async ({ page }) => {
    > 107 |       await page.goto('/login', { waitUntil: 'networkidle' });
          |                  ^
      108 |       
      109 |       const email = process.env.TEST_USER_EMAIL || 'unlovedproducts@gmail.com';
      110 |       const password = process.env.TEST_USER_PASSWORD || 'Appl3p1376!';
        at /home/unloved/kdpsuite/KDP-Creator-Suite/tests/e2e/critical-flows.spec.js:107:18

    attachment #1: screenshot (image/png) ──────────────────────────────────────────────────────────
    ../../test-results/critical-flows-KDP-Creator-7dce5-ogin-with-valid-credentials-chromium/test-failed-1.png
    ────────────────────────────────────────────────────────────────────────────────────────────────

    attachment #2: video (video/webm) ──────────────────────────────────────────────────────────────
    ../../test-results/critical-flows-KDP-Creator-7dce5-ogin-with-valid-credentials-chromium/video.webm
    ────────────────────────────────────────────────────────────────────────────────────────────────

    Error Context: ../../test-results/critical-flows-KDP-Creator-7dce5-ogin-with-valid-credentials-chromium/error-context.md
]]>
</error>
</testcase>
<testcase name="KDP Creator Suite - Critical Flows › Dashboard › should load dashboard without spinner stuck" classname="critical-flows.spec.js" time="16.89">
<system-out>
<![CDATA[
[[ATTACHMENT|critical-flows-KDP-Creator-38ad0-board-without-spinner-stuck-chromium/test-failed-1.png]]

[[ATTACHMENT|critical-flows-KDP-Creator-38ad0-board-without-spinner-stuck-chromium/video.webm]]

[[ATTACHMENT|critical-flows-KDP-Creator-38ad0-board-without-spinner-stuck-chromium/error-context.md]]
]]>
</system-out>
<error message="page.waitForURL: Timeout 15000ms exceeded." type="TimeoutError">
<![CDATA[  [chromium] › critical-flows.spec.js:147:5 › KDP Creator Suite - Critical Flows › Dashboard › should load dashboard without spinner stuck 

    TimeoutError: page.waitForURL: Timeout 15000ms exceeded.
    =========================== logs ===========================
    waiting for navigation to "/" until "load"
      navigated to "https://www.dashboard.kdpsuite.com/"
    ============================================================

      141 |       
      142 |       // Wait for dashboard
    > 143 |       await page.waitForURL('/', { timeout: 15000 });
          |                  ^
      144 |       await page.waitForLoadState('networkidle');
      145 |     });
      146 |
        at /home/unloved/kdpsuite/KDP-Creator-Suite/tests/e2e/critical-flows.spec.js:143:18

    attachment #1: screenshot (image/png) ──────────────────────────────────────────────────────────
    ../../test-results/critical-flows-KDP-Creator-38ad0-board-without-spinner-stuck-chromium/test-failed-1.png
    ────────────────────────────────────────────────────────────────────────────────────────────────

    attachment #2: video (video/webm) ──────────────────────────────────────────────────────────────
    ../../test-results/critical-flows-KDP-Creator-38ad0-board-without-spinner-stuck-chromium/video.webm
    ────────────────────────────────────────────────────────────────────────────────────────────────

    Error Context: ../../test-results/critical-flows-KDP-Creator-38ad0-board-without-spinner-stuck-chromium/error-context.md
]]>
</error>
</testcase>
<testcase name="KDP Creator Suite - Critical Flows › Dashboard › should display user information" classname="critical-flows.spec.js" time="16.169">
<system-out>
<![CDATA[
[[ATTACHMENT|critical-flows-KDP-Creator-480f9-ld-display-user-information-chromium/test-failed-1.png]]

[[ATTACHMENT|critical-flows-KDP-Creator-480f9-ld-display-user-information-chromium/video.webm]]

[[ATTACHMENT|critical-flows-KDP-Creator-480f9-ld-display-user-information-chromium/error-context.md]]
]]>
</system-out>
<error message="page.waitForURL: Timeout 15000ms exceeded." type="TimeoutError">
<![CDATA[  [chromium] › critical-flows.spec.js:162:5 › KDP Creator Suite - Critical Flows › Dashboard › should display user information 

    TimeoutError: page.waitForURL: Timeout 15000ms exceeded.
    =========================== logs ===========================
    waiting for navigation to "/" until "load"
      navigated to "https://www.dashboard.kdpsuite.com/"
    ============================================================

      141 |       
      142 |       // Wait for dashboard
    > 143 |       await page.waitForURL('/', { timeout: 15000 });
          |                  ^
      144 |       await page.waitForLoadState('networkidle');
      145 |     });
      146 |
        at /home/unloved/kdpsuite/KDP-Creator-Suite/tests/e2e/critical-flows.spec.js:143:18

    attachment #1: screenshot (image/png) ──────────────────────────────────────────────────────────
    ../../test-results/critical-flows-KDP-Creator-480f9-ld-display-user-information-chromium/test-failed-1.png
    ────────────────────────────────────────────────────────────────────────────────────────────────

    attachment #2: video (video/webm) ──────────────────────────────────────────────────────────────
    ../../test-results/critical-flows-KDP-Creator-480f9-ld-display-user-information-chromium/video.webm
    ────────────────────────────────────────────────────────────────────────────────────────────────

    Error Context: ../../test-results/critical-flows-KDP-Creator-480f9-ld-display-user-information-chromium/error-context.md
]]>
</error>
</testcase>
<testcase name="KDP Creator Suite - Critical Flows › Dashboard › should have logout button" classname="critical-flows.spec.js" time="16.337">
<system-out>
<![CDATA[
[[ATTACHMENT|critical-flows-KDP-Creator-4a6d8-d-should-have-logout-button-chromium/test-failed-1.png]]

[[ATTACHMENT|critical-flows-KDP-Creator-4a6d8-d-should-have-logout-button-chromium/video.webm]]

[[ATTACHMENT|critical-flows-KDP-Creator-4a6d8-d-should-have-logout-button-chromium/error-context.md]]
]]>
</system-out>
<error message="page.waitForURL: Timeout 15000ms exceeded." type="TimeoutError">
<![CDATA[  [chromium] › critical-flows.spec.js:171:5 › KDP Creator Suite - Critical Flows › Dashboard › should have logout button 

    TimeoutError: page.waitForURL: Timeout 15000ms exceeded.
    =========================== logs ===========================
    waiting for navigation to "/" until "load"
      navigated to "https://www.dashboard.kdpsuite.com/"
    ============================================================

      141 |       
      142 |       // Wait for dashboard
    > 143 |       await page.waitForURL('/', { timeout: 15000 });
          |                  ^
      144 |       await page.waitForLoadState('networkidle');
      145 |     });
      146 |
        at /home/unloved/kdpsuite/KDP-Creator-Suite/tests/e2e/critical-flows.spec.js:143:18

    attachment #1: screenshot (image/png) ──────────────────────────────────────────────────────────
    ../../test-results/critical-flows-KDP-Creator-4a6d8-d-should-have-logout-button-chromium/test-failed-1.png
    ────────────────────────────────────────────────────────────────────────────────────────────────

    attachment #2: video (video/webm) ──────────────────────────────────────────────────────────────
    ../../test-results/critical-flows-KDP-Creator-4a6d8-d-should-have-logout-button-chromium/video.webm
    ────────────────────────────────────────────────────────────────────────────────────────────────

    Error Context: ../../test-results/critical-flows-KDP-Creator-4a6d8-d-should-have-logout-button-chromium/error-context.md
]]>
</error>
</testcase>
<testcase name="KDP Creator Suite - Critical Flows › Dashboard › should handle logout" classname="critical-flows.spec.js" time="16.314">
<system-out>
<![CDATA[
[[ATTACHMENT|critical-flows-KDP-Creator-d1516-hboard-should-handle-logout-chromium/test-failed-1.png]]

[[ATTACHMENT|critical-flows-KDP-Creator-d1516-hboard-should-handle-logout-chromium/video.webm]]

[[ATTACHMENT|critical-flows-KDP-Creator-d1516-hboard-should-handle-logout-chromium/error-context.md]]
]]>
</system-out>
<error message="page.waitForURL: Timeout 15000ms exceeded." type="TimeoutError">
<![CDATA[  [chromium] › critical-flows.spec.js:177:5 › KDP Creator Suite - Critical Flows › Dashboard › should handle logout 

    TimeoutError: page.waitForURL: Timeout 15000ms exceeded.
    =========================== logs ===========================
    waiting for navigation to "/" until "load"
      navigated to "https://www.dashboard.kdpsuite.com/"
    ============================================================

      141 |       
      142 |       // Wait for dashboard
    > 143 |       await page.waitForURL('/', { timeout: 15000 });
          |                  ^
      144 |       await page.waitForLoadState('networkidle');
      145 |     });
      146 |
        at /home/unloved/kdpsuite/KDP-Creator-Suite/tests/e2e/critical-flows.spec.js:143:18

    attachment #1: screenshot (image/png) ──────────────────────────────────────────────────────────
    ../../test-results/critical-flows-KDP-Creator-d1516-hboard-should-handle-logout-chromium/test-failed-1.png
    ────────────────────────────────────────────────────────────────────────────────────────────────

    attachment #2: video (video/webm) ──────────────────────────────────────────────────────────────
    ../../test-results/critical-flows-KDP-Creator-d1516-hboard-should-handle-logout-chromium/video.webm
    ────────────────────────────────────────────────────────────────────────────────────────────────

    Error Context: ../../test-results/critical-flows-KDP-Creator-d1516-hboard-should-handle-logout-chromium/error-context.md
]]>
</error>
</testcase>
<testcase name="KDP Creator Suite - Critical Flows › API Health › should have working health endpoint" classname="critical-flows.spec.js" time="2.64">
<system-out>
<![CDATA[
[[ATTACHMENT|critical-flows-KDP-Creator-6dbe1-ave-working-health-endpoint-chromium/test-failed-1.png]]

[[ATTACHMENT|critical-flows-KDP-Creator-6dbe1-ave-working-health-endpoint-chromium/video.webm]]

[[ATTACHMENT|critical-flows-KDP-Creator-6dbe1-ave-working-health-endpoint-chromium/error-context.md]]
]]>
</system-out>
<failure message="expect(received).toBeLessThan(expected)" type="expect.toBeLessThan">
<![CDATA[  [chromium] › critical-flows.spec.js:191:5 › KDP Creator Suite - Critical Flows › API Health › should have working health endpoint 

    Error: expect(received).toBeLessThan(expected)

    Expected: < 400
    Received:   500

      192 |       const response = await page.request.get('https://dashboard.kdpsuite.com/api/health');
      193 |       
    > 194 |       expect(response.status()).toBeLessThan(400);
          |                                 ^
      195 |       
      196 |       const body = await response.json();
      197 |       expect(body).toHaveProperty('status');
        at /home/unloved/kdpsuite/KDP-Creator-Suite/tests/e2e/critical-flows.spec.js:194:33

    attachment #1: screenshot (image/png) ──────────────────────────────────────────────────────────
    ../../test-results/critical-flows-KDP-Creator-6dbe1-ave-working-health-endpoint-chromium/test-failed-1.png
    ────────────────────────────────────────────────────────────────────────────────────────────────

    attachment #2: video (video/webm) ──────────────────────────────────────────────────────────────
    ../../test-results/critical-flows-KDP-Creator-6dbe1-ave-working-health-endpoint-chromium/video.webm
    ────────────────────────────────────────────────────────────────────────────────────────────────

    Error Context: ../../test-results/critical-flows-KDP-Creator-6dbe1-ave-working-health-endpoint-chromium/error-context.md
]]>
</failure>
</testcase>
<testcase name="KDP Creator Suite - Critical Flows › API Health › should have working root endpoint" classname="critical-flows.spec.js" time="2.316">
<system-out>
<![CDATA[
[[ATTACHMENT|critical-flows-KDP-Creator-92035--have-working-root-endpoint-chromium/test-failed-1.png]]

[[ATTACHMENT|critical-flows-KDP-Creator-92035--have-working-root-endpoint-chromium/video.webm]]

[[ATTACHMENT|critical-flows-KDP-Creator-92035--have-working-root-endpoint-chromium/error-context.md]]
]]>
</system-out>
<failure message="expect(received).toBeLessThan(expected)" type="expect.toBeLessThan">
<![CDATA[  [chromium] › critical-flows.spec.js:200:5 › KDP Creator Suite - Critical Flows › API Health › should have working root endpoint 

    Error: expect(received).toBeLessThan(expected)

    Expected: < 400
    Received:   500

      201 |       const response = await page.request.get('https://dashboard.kdpsuite.com/api');
      202 |       
    > 203 |       expect(response.status()).toBeLessThan(400);
          |                                 ^
      204 |       
      205 |       const body = await response.json();
      206 |       expect(body).toHaveProperty('message');
        at /home/unloved/kdpsuite/KDP-Creator-Suite/tests/e2e/critical-flows.spec.js:203:33

    attachment #1: screenshot (image/png) ──────────────────────────────────────────────────────────
    ../../test-results/critical-flows-KDP-Creator-92035--have-working-root-endpoint-chromium/test-failed-1.png
    ────────────────────────────────────────────────────────────────────────────────────────────────

    attachment #2: video (video/webm) ──────────────────────────────────────────────────────────────
    ../../test-results/critical-flows-KDP-Creator-92035--have-working-root-endpoint-chromium/video.webm
    ────────────────────────────────────────────────────────────────────────────────────────────────

    Error Context: ../../test-results/critical-flows-KDP-Creator-92035--have-working-root-endpoint-chromium/error-context.md
]]>
</failure>
</testcase>
<testcase name="KDP Creator Suite - Critical Flows › Error Handling › should handle 404 gracefully" classname="critical-flows.spec.js" time="0.406">
<system-out>
<![CDATA[
[[ATTACHMENT|critical-flows-KDP-Creator-11920-hould-handle-404-gracefully-chromium/test-failed-1.png]]

[[ATTACHMENT|critical-flows-KDP-Creator-11920-hould-handle-404-gracefully-chromium/video.webm]]

[[ATTACHMENT|critical-flows-KDP-Creator-11920-hould-handle-404-gracefully-chromium/error-context.md]]
]]>
</system-out>
<error message="page.goto: net::ERR_NAME_NOT_RESOLVED at https://kdpsuite.com/nonexistent-page" type="Error">
<![CDATA[  [chromium] › critical-flows.spec.js:211:5 › KDP Creator Suite - Critical Flows › Error Handling › should handle 404 gracefully 

    Error: page.goto: net::ERR_NAME_NOT_RESOLVED at https://kdpsuite.com/nonexistent-page
    Call log:
      - navigating to "https://kdpsuite.com/nonexistent-page", waiting until "networkidle"


      210 |   test.describe('Error Handling', () => {
      211 |     test('should handle 404 gracefully', async ({ page }) => {
    > 212 |       const response = await page.goto('/nonexistent-page', { waitUntil: 'networkidle' });
          |                                   ^
      213 |       
      214 |       // Should either show 404 page or redirect
      215 |       // Status should be 404 or 200 (if redirected)
        at /home/unloved/kdpsuite/KDP-Creator-Suite/tests/e2e/critical-flows.spec.js:212:35

    attachment #1: screenshot (image/png) ──────────────────────────────────────────────────────────
    ../../test-results/critical-flows-KDP-Creator-11920-hould-handle-404-gracefully-chromium/test-failed-1.png
    ────────────────────────────────────────────────────────────────────────────────────────────────

    attachment #2: video (video/webm) ──────────────────────────────────────────────────────────────
    ../../test-results/critical-flows-KDP-Creator-11920-hould-handle-404-gracefully-chromium/video.webm
    ────────────────────────────────────────────────────────────────────────────────────────────────

    Error Context: ../../test-results/critical-flows-KDP-Creator-11920-hould-handle-404-gracefully-chromium/error-context.md
]]>
</error>
</testcase>
<testcase name="KDP Creator Suite - Critical Flows › Error Handling › should handle network errors gracefully" classname="critical-flows.spec.js" time="0.229">
</testcase>
</testsuite>
<testsuite name="critical-flows.spec.js" timestamp="2026-07-13T13:48:31.932Z" hostname="firefox" tests="15" failures="2" skipped="0" time="92.527" errors="11">
<testcase name="KDP Creator Suite - Critical Flows › Landing Page › should load the main domain without errors" classname="critical-flows.spec.js" time="1.469">
<system-out>
<![CDATA[
[[ATTACHMENT|critical-flows-KDP-Creator-150ff--main-domain-without-errors-firefox/test-failed-1.png]]

[[ATTACHMENT|critical-flows-KDP-Creator-150ff--main-domain-without-errors-firefox/video.webm]]

[[ATTACHMENT|critical-flows-KDP-Creator-150ff--main-domain-without-errors-firefox/error-context.md]]
]]>
</system-out>
<error message="page.goto: NS_ERROR_UNKNOWN_HOST" type="Error">
<![CDATA[  [firefox] › critical-flows.spec.js:16:5 › KDP Creator Suite - Critical Flows › Landing Page › should load the main domain without errors 

    Error: page.goto: NS_ERROR_UNKNOWN_HOST
    Call log:
      - navigating to "https://kdpsuite.com/", waiting until "networkidle"


      16 |     test('should load the main domain without errors', async ({ page }) => {
      17 |       // Navigate to main domain
    > 18 |       const response = await page.goto('https://kdpsuite.com', { waitUntil: 'networkidle' });
         |                                   ^
      19 |       
      20 |       // Check response status
      21 |       expect(response.status()).toBeLessThan(400);
        at /home/unloved/kdpsuite/KDP-Creator-Suite/tests/e2e/critical-flows.spec.js:18:35

    attachment #1: screenshot (image/png) ──────────────────────────────────────────────────────────
    ../../test-results/critical-flows-KDP-Creator-150ff--main-domain-without-errors-firefox/test-failed-1.png
    ────────────────────────────────────────────────────────────────────────────────────────────────

    attachment #2: video (video/webm) ──────────────────────────────────────────────────────────────
    ../../test-results/critical-flows-KDP-Creator-150ff--main-domain-without-errors-firefox/video.webm
    ────────────────────────────────────────────────────────────────────────────────────────────────

    Error Context: ../../test-results/critical-flows-KDP-Creator-150ff--main-domain-without-errors-firefox/error-context.md
]]>
</error>
</testcase>
<testcase name="KDP Creator Suite - Critical Flows › Landing Page › should have navigation links" classname="critical-flows.spec.js" time="1.787">
<system-out>
<![CDATA[
[[ATTACHMENT|critical-flows-KDP-Creator-6de48-hould-have-navigation-links-firefox/test-failed-1.png]]

[[ATTACHMENT|critical-flows-KDP-Creator-6de48-hould-have-navigation-links-firefox/video.webm]]

[[ATTACHMENT|critical-flows-KDP-Creator-6de48-hould-have-navigation-links-firefox/error-context.md]]
]]>
</system-out>
<error message="page.goto: NS_ERROR_UNKNOWN_HOST" type="Error">
<![CDATA[  [firefox] › critical-flows.spec.js:37:5 › KDP Creator Suite - Critical Flows › Landing Page › should have navigation links 

    Error: page.goto: NS_ERROR_UNKNOWN_HOST
    Call log:
      - navigating to "https://kdpsuite.com/", waiting until "networkidle"


      36 |
      37 |     test('should have navigation links', async ({ page }) => {
    > 38 |       await page.goto('/', { waitUntil: 'networkidle' });
         |                  ^
      39 |       
      40 |       // Check for common navigation elements
      41 |       const navLinks = page.locator('nav a, header a, [role="navigation"] a');
        at /home/unloved/kdpsuite/KDP-Creator-Suite/tests/e2e/critical-flows.spec.js:38:18

    attachment #1: screenshot (image/png) ──────────────────────────────────────────────────────────
    ../../test-results/critical-flows-KDP-Creator-6de48-hould-have-navigation-links-firefox/test-failed-1.png
    ────────────────────────────────────────────────────────────────────────────────────────────────

    attachment #2: video (video/webm) ──────────────────────────────────────────────────────────────
    ../../test-results/critical-flows-KDP-Creator-6de48-hould-have-navigation-links-firefox/video.webm
    ────────────────────────────────────────────────────────────────────────────────────────────────

    Error Context: ../../test-results/critical-flows-KDP-Creator-6de48-hould-have-navigation-links-firefox/error-context.md
]]>
</error>
</testcase>
<testcase name="KDP Creator Suite - Critical Flows › Landing Page › should have login button or link" classname="critical-flows.spec.js" time="1.789">
<system-out>
<![CDATA[
[[ATTACHMENT|critical-flows-KDP-Creator-409b0-d-have-login-button-or-link-firefox/test-failed-1.png]]

[[ATTACHMENT|critical-flows-KDP-Creator-409b0-d-have-login-button-or-link-firefox/video.webm]]

[[ATTACHMENT|critical-flows-KDP-Creator-409b0-d-have-login-button-or-link-firefox/error-context.md]]
]]>
</system-out>
<error message="page.goto: NS_ERROR_UNKNOWN_HOST" type="Error">
<![CDATA[  [firefox] › critical-flows.spec.js:47:5 › KDP Creator Suite - Critical Flows › Landing Page › should have login button or link 

    Error: page.goto: NS_ERROR_UNKNOWN_HOST
    Call log:
      - navigating to "https://kdpsuite.com/", waiting until "networkidle"


      46 |
      47 |     test('should have login button or link', async ({ page }) => {
    > 48 |       await page.goto('/', { waitUntil: 'networkidle' });
         |                  ^
      49 |       
      50 |       // Look for login button/link
      51 |       const loginButton = page.locator('button:has-text("Login"), a:has-text("Login"), button:has-text("Sign In"), a:has-text("Sign In")');
        at /home/unloved/kdpsuite/KDP-Creator-Suite/tests/e2e/critical-flows.spec.js:48:18

    attachment #1: screenshot (image/png) ──────────────────────────────────────────────────────────
    ../../test-results/critical-flows-KDP-Creator-409b0-d-have-login-button-or-link-firefox/test-failed-1.png
    ────────────────────────────────────────────────────────────────────────────────────────────────

    attachment #2: video (video/webm) ──────────────────────────────────────────────────────────────
    ../../test-results/critical-flows-KDP-Creator-409b0-d-have-login-button-or-link-firefox/video.webm
    ────────────────────────────────────────────────────────────────────────────────────────────────

    Error Context: ../../test-results/critical-flows-KDP-Creator-409b0-d-have-login-button-or-link-firefox/error-context.md
]]>
</error>
</testcase>
<testcase name="KDP Creator Suite - Critical Flows › Login Flow › should navigate to login page" classname="critical-flows.spec.js" time="2.598">
</testcase>
<testcase name="KDP Creator Suite - Critical Flows › Login Flow › should show validation errors for empty form" classname="critical-flows.spec.js" time="2.463">
<system-out>
<![CDATA[
[[ATTACHMENT|critical-flows-KDP-Creator-c38a6-ation-errors-for-empty-form-firefox/test-failed-1.png]]

[[ATTACHMENT|critical-flows-KDP-Creator-c38a6-ation-errors-for-empty-form-firefox/video.webm]]

[[ATTACHMENT|critical-flows-KDP-Creator-c38a6-ation-errors-for-empty-form-firefox/error-context.md]]
]]>
</system-out>
<error message="page.goto: NS_ERROR_UNKNOWN_HOST" type="Error">
<![CDATA[  [firefox] › critical-flows.spec.js:69:5 › KDP Creator Suite - Critical Flows › Login Flow › should show validation errors for empty form 

    Error: page.goto: NS_ERROR_UNKNOWN_HOST
    Call log:
      - navigating to "https://kdpsuite.com/login", waiting until "networkidle"


      68 |
      69 |     test('should show validation errors for empty form', async ({ page }) => {
    > 70 |       await page.goto('/login', { waitUntil: 'networkidle' });
         |                  ^
      71 |       
      72 |       // Try to submit empty form
      73 |       const submitButton = page.locator('button[type="submit"], button:has-text("Login"), button:has-text("Sign In")');
        at /home/unloved/kdpsuite/KDP-Creator-Suite/tests/e2e/critical-flows.spec.js:70:18

    attachment #1: screenshot (image/png) ──────────────────────────────────────────────────────────
    ../../test-results/critical-flows-KDP-Creator-c38a6-ation-errors-for-empty-form-firefox/test-failed-1.png
    ────────────────────────────────────────────────────────────────────────────────────────────────

    attachment #2: video (video/webm) ──────────────────────────────────────────────────────────────
    ../../test-results/critical-flows-KDP-Creator-c38a6-ation-errors-for-empty-form-firefox/video.webm
    ────────────────────────────────────────────────────────────────────────────────────────────────

    Error Context: ../../test-results/critical-flows-KDP-Creator-c38a6-ation-errors-for-empty-form-firefox/error-context.md
]]>
</error>
</testcase>
<testcase name="KDP Creator Suite - Critical Flows › Login Flow › should reject invalid credentials" classname="critical-flows.spec.js" time="2.579">
<system-out>
<![CDATA[
[[ATTACHMENT|critical-flows-KDP-Creator-5f5b6--reject-invalid-credentials-firefox/test-failed-1.png]]

[[ATTACHMENT|critical-flows-KDP-Creator-5f5b6--reject-invalid-credentials-firefox/video.webm]]

[[ATTACHMENT|critical-flows-KDP-Creator-5f5b6--reject-invalid-credentials-firefox/error-context.md]]
]]>
</system-out>
<error message="page.goto: NS_ERROR_UNKNOWN_HOST" type="Error">
<![CDATA[  [firefox] › critical-flows.spec.js:84:5 › KDP Creator Suite - Critical Flows › Login Flow › should reject invalid credentials 

    Error: page.goto: NS_ERROR_UNKNOWN_HOST
    Call log:
      - navigating to "https://kdpsuite.com/login", waiting until "networkidle"


      83 |
      84 |     test('should reject invalid credentials', async ({ page }) => {
    > 85 |       await page.goto('/login', { waitUntil: 'networkidle' });
         |                  ^
      86 |       
      87 |       // Fill with invalid credentials
      88 |       await page.fill('input[type="email"]', 'invalid@test.com');
        at /home/unloved/kdpsuite/KDP-Creator-Suite/tests/e2e/critical-flows.spec.js:85:18

    attachment #1: screenshot (image/png) ──────────────────────────────────────────────────────────
    ../../test-results/critical-flows-KDP-Creator-5f5b6--reject-invalid-credentials-firefox/test-failed-1.png
    ────────────────────────────────────────────────────────────────────────────────────────────────

    attachment #2: video (video/webm) ──────────────────────────────────────────────────────────────
    ../../test-results/critical-flows-KDP-Creator-5f5b6--reject-invalid-credentials-firefox/video.webm
    ────────────────────────────────────────────────────────────────────────────────────────────────

    Error Context: ../../test-results/critical-flows-KDP-Creator-5f5b6--reject-invalid-credentials-firefox/error-context.md
]]>
</error>
</testcase>
<testcase name="KDP Creator Suite - Critical Flows › Login Flow › should successfully login with valid credentials" classname="critical-flows.spec.js" time="2.162">
<system-out>
<![CDATA[
[[ATTACHMENT|critical-flows-KDP-Creator-7dce5-ogin-with-valid-credentials-firefox/test-failed-1.png]]

[[ATTACHMENT|critical-flows-KDP-Creator-7dce5-ogin-with-valid-credentials-firefox/video.webm]]

[[ATTACHMENT|critical-flows-KDP-Creator-7dce5-ogin-with-valid-credentials-firefox/error-context.md]]
]]>
</system-out>
<error message="page.goto: NS_ERROR_UNKNOWN_HOST" type="Error">
<![CDATA[  [firefox] › critical-flows.spec.js:106:5 › KDP Creator Suite - Critical Flows › Login Flow › should successfully login with valid credentials 

    Error: page.goto: NS_ERROR_UNKNOWN_HOST
    Call log:
      - navigating to "https://kdpsuite.com/login", waiting until "networkidle"


      105 |
      106 |     test('should successfully login with valid credentials', async ({ page }) => {
    > 107 |       await page.goto('/login', { waitUntil: 'networkidle' });
          |                  ^
      108 |       
      109 |       const email = process.env.TEST_USER_EMAIL || 'unlovedproducts@gmail.com';
      110 |       const password = process.env.TEST_USER_PASSWORD || 'Appl3p1376!';
        at /home/unloved/kdpsuite/KDP-Creator-Suite/tests/e2e/critical-flows.spec.js:107:18

    attachment #1: screenshot (image/png) ──────────────────────────────────────────────────────────
    ../../test-results/critical-flows-KDP-Creator-7dce5-ogin-with-valid-credentials-firefox/test-failed-1.png
    ────────────────────────────────────────────────────────────────────────────────────────────────

    attachment #2: video (video/webm) ──────────────────────────────────────────────────────────────
    ../../test-results/critical-flows-KDP-Creator-7dce5-ogin-with-valid-credentials-firefox/video.webm
    ────────────────────────────────────────────────────────────────────────────────────────────────

    Error Context: ../../test-results/critical-flows-KDP-Creator-7dce5-ogin-with-valid-credentials-firefox/error-context.md
]]>
</error>
</testcase>
<testcase name="KDP Creator Suite - Critical Flows › Dashboard › should load dashboard without spinner stuck" classname="critical-flows.spec.js" time="16.708">
<system-out>
<![CDATA[
[[ATTACHMENT|critical-flows-KDP-Creator-38ad0-board-without-spinner-stuck-firefox/test-failed-1.png]]

[[ATTACHMENT|critical-flows-KDP-Creator-38ad0-board-without-spinner-stuck-firefox/video.webm]]

[[ATTACHMENT|critical-flows-KDP-Creator-38ad0-board-without-spinner-stuck-firefox/error-context.md]]
]]>
</system-out>
<error message="page.waitForURL: Timeout 15000ms exceeded." type="TimeoutError">
<![CDATA[  [firefox] › critical-flows.spec.js:147:5 › KDP Creator Suite - Critical Flows › Dashboard › should load dashboard without spinner stuck 

    TimeoutError: page.waitForURL: Timeout 15000ms exceeded.
    =========================== logs ===========================
    waiting for navigation to "/" until "load"
      navigated to "https://www.dashboard.kdpsuite.com/"
    ============================================================

      141 |       
      142 |       // Wait for dashboard
    > 143 |       await page.waitForURL('/', { timeout: 15000 });
          |                  ^
      144 |       await page.waitForLoadState('networkidle');
      145 |     });
      146 |
        at /home/unloved/kdpsuite/KDP-Creator-Suite/tests/e2e/critical-flows.spec.js:143:18

    attachment #1: screenshot (image/png) ──────────────────────────────────────────────────────────
    ../../test-results/critical-flows-KDP-Creator-38ad0-board-without-spinner-stuck-firefox/test-failed-1.png
    ────────────────────────────────────────────────────────────────────────────────────────────────

    attachment #2: video (video/webm) ──────────────────────────────────────────────────────────────
    ../../test-results/critical-flows-KDP-Creator-38ad0-board-without-spinner-stuck-firefox/video.webm
    ────────────────────────────────────────────────────────────────────────────────────────────────

    Error Context: ../../test-results/critical-flows-KDP-Creator-38ad0-board-without-spinner-stuck-firefox/error-context.md
]]>
</error>
</testcase>
<testcase name="KDP Creator Suite - Critical Flows › Dashboard › should display user information" classname="critical-flows.spec.js" time="17.59">
<system-out>
<![CDATA[
[[ATTACHMENT|critical-flows-KDP-Creator-480f9-ld-display-user-information-firefox/test-failed-1.png]]

[[ATTACHMENT|critical-flows-KDP-Creator-480f9-ld-display-user-information-firefox/video.webm]]

[[ATTACHMENT|critical-flows-KDP-Creator-480f9-ld-display-user-information-firefox/error-context.md]]
]]>
</system-out>
<error message="page.waitForURL: Timeout 15000ms exceeded." type="TimeoutError">
<![CDATA[  [firefox] › critical-flows.spec.js:162:5 › KDP Creator Suite - Critical Flows › Dashboard › should display user information 

    TimeoutError: page.waitForURL: Timeout 15000ms exceeded.
    =========================== logs ===========================
    waiting for navigation to "/" until "load"
      navigated to "https://www.dashboard.kdpsuite.com/"
    ============================================================

      141 |       
      142 |       // Wait for dashboard
    > 143 |       await page.waitForURL('/', { timeout: 15000 });
          |                  ^
      144 |       await page.waitForLoadState('networkidle');
      145 |     });
      146 |
        at /home/unloved/kdpsuite/KDP-Creator-Suite/tests/e2e/critical-flows.spec.js:143:18

    attachment #1: screenshot (image/png) ──────────────────────────────────────────────────────────
    ../../test-results/critical-flows-KDP-Creator-480f9-ld-display-user-information-firefox/test-failed-1.png
    ────────────────────────────────────────────────────────────────────────────────────────────────

    attachment #2: video (video/webm) ──────────────────────────────────────────────────────────────
    ../../test-results/critical-flows-KDP-Creator-480f9-ld-display-user-information-firefox/video.webm
    ────────────────────────────────────────────────────────────────────────────────────────────────

    Error Context: ../../test-results/critical-flows-KDP-Creator-480f9-ld-display-user-information-firefox/error-context.md
]]>
</error>
</testcase>
<testcase name="KDP Creator Suite - Critical Flows › Dashboard › should have logout button" classname="critical-flows.spec.js" time="17.674">
<system-out>
<![CDATA[
[[ATTACHMENT|critical-flows-KDP-Creator-4a6d8-d-should-have-logout-button-firefox/test-failed-1.png]]

[[ATTACHMENT|critical-flows-KDP-Creator-4a6d8-d-should-have-logout-button-firefox/video.webm]]

[[ATTACHMENT|critical-flows-KDP-Creator-4a6d8-d-should-have-logout-button-firefox/error-context.md]]
]]>
</system-out>
<error message="page.waitForURL: Timeout 15000ms exceeded." type="TimeoutError">
<![CDATA[  [firefox] › critical-flows.spec.js:171:5 › KDP Creator Suite - Critical Flows › Dashboard › should have logout button 

    TimeoutError: page.waitForURL: Timeout 15000ms exceeded.
    =========================== logs ===========================
    waiting for navigation to "/" until "load"
      navigated to "https://www.dashboard.kdpsuite.com/"
    ============================================================

      141 |       
      142 |       // Wait for dashboard
    > 143 |       await page.waitForURL('/', { timeout: 15000 });
          |                  ^
      144 |       await page.waitForLoadState('networkidle');
      145 |     });
      146 |
        at /home/unloved/kdpsuite/KDP-Creator-Suite/tests/e2e/critical-flows.spec.js:143:18

    attachment #1: screenshot (image/png) ──────────────────────────────────────────────────────────
    ../../test-results/critical-flows-KDP-Creator-4a6d8-d-should-have-logout-button-firefox/test-failed-1.png
    ────────────────────────────────────────────────────────────────────────────────────────────────

    attachment #2: video (video/webm) ──────────────────────────────────────────────────────────────
    ../../test-results/critical-flows-KDP-Creator-4a6d8-d-should-have-logout-button-firefox/video.webm
    ────────────────────────────────────────────────────────────────────────────────────────────────

    Error Context: ../../test-results/critical-flows-KDP-Creator-4a6d8-d-should-have-logout-button-firefox/error-context.md
]]>
</error>
</testcase>
<testcase name="KDP Creator Suite - Critical Flows › Dashboard › should handle logout" classname="critical-flows.spec.js" time="17.52">
<system-out>
<![CDATA[
[[ATTACHMENT|critical-flows-KDP-Creator-d1516-hboard-should-handle-logout-firefox/test-failed-1.png]]

[[ATTACHMENT|critical-flows-KDP-Creator-d1516-hboard-should-handle-logout-firefox/video.webm]]

[[ATTACHMENT|critical-flows-KDP-Creator-d1516-hboard-should-handle-logout-firefox/error-context.md]]
]]>
</system-out>
<error message="page.waitForURL: Timeout 15000ms exceeded." type="TimeoutError">
<![CDATA[  [firefox] › critical-flows.spec.js:177:5 › KDP Creator Suite - Critical Flows › Dashboard › should handle logout 

    TimeoutError: page.waitForURL: Timeout 15000ms exceeded.
    =========================== logs ===========================
    waiting for navigation to "/" until "load"
      navigated to "https://www.dashboard.kdpsuite.com/"
    ============================================================

      141 |       
      142 |       // Wait for dashboard
    > 143 |       await page.waitForURL('/', { timeout: 15000 });
          |                  ^
      144 |       await page.waitForLoadState('networkidle');
      145 |     });
      146 |
        at /home/unloved/kdpsuite/KDP-Creator-Suite/tests/e2e/critical-flows.spec.js:143:18

    attachment #1: screenshot (image/png) ──────────────────────────────────────────────────────────
    ../../test-results/critical-flows-KDP-Creator-d1516-hboard-should-handle-logout-firefox/test-failed-1.png
    ────────────────────────────────────────────────────────────────────────────────────────────────

    attachment #2: video (video/webm) ──────────────────────────────────────────────────────────────
    ../../test-results/critical-flows-KDP-Creator-d1516-hboard-should-handle-logout-firefox/video.webm
    ────────────────────────────────────────────────────────────────────────────────────────────────

    Error Context: ../../test-results/critical-flows-KDP-Creator-d1516-hboard-should-handle-logout-firefox/error-context.md
]]>
</error>
</testcase>
<testcase name="KDP Creator Suite - Critical Flows › API Health › should have working health endpoint" classname="critical-flows.spec.js" time="2.886">
<system-out>
<![CDATA[
[[ATTACHMENT|critical-flows-KDP-Creator-6dbe1-ave-working-health-endpoint-firefox/test-failed-1.png]]

[[ATTACHMENT|critical-flows-KDP-Creator-6dbe1-ave-working-health-endpoint-firefox/video.webm]]

[[ATTACHMENT|critical-flows-KDP-Creator-6dbe1-ave-working-health-endpoint-firefox/error-context.md]]
]]>
</system-out>
<failure message="expect(received).toBeLessThan(expected)" type="expect.toBeLessThan">
<![CDATA[  [firefox] › critical-flows.spec.js:191:5 › KDP Creator Suite - Critical Flows › API Health › should have working health endpoint 

    Error: expect(received).toBeLessThan(expected)

    Expected: < 400
    Received:   500

      192 |       const response = await page.request.get('https://dashboard.kdpsuite.com/api/health');
      193 |       
    > 194 |       expect(response.status()).toBeLessThan(400);
          |                                 ^
      195 |       
      196 |       const body = await response.json();
      197 |       expect(body).toHaveProperty('status');
        at /home/unloved/kdpsuite/KDP-Creator-Suite/tests/e2e/critical-flows.spec.js:194:33

    attachment #1: screenshot (image/png) ──────────────────────────────────────────────────────────
    ../../test-results/critical-flows-KDP-Creator-6dbe1-ave-working-health-endpoint-firefox/test-failed-1.png
    ────────────────────────────────────────────────────────────────────────────────────────────────

    attachment #2: video (video/webm) ──────────────────────────────────────────────────────────────
    ../../test-results/critical-flows-KDP-Creator-6dbe1-ave-working-health-endpoint-firefox/video.webm
    ────────────────────────────────────────────────────────────────────────────────────────────────

    Error Context: ../../test-results/critical-flows-KDP-Creator-6dbe1-ave-working-health-endpoint-firefox/error-context.md
]]>
</failure>
</testcase>
<testcase name="KDP Creator Suite - Critical Flows › API Health › should have working root endpoint" classname="critical-flows.spec.js" time="2.812">
<system-out>
<![CDATA[
[[ATTACHMENT|critical-flows-KDP-Creator-92035--have-working-root-endpoint-firefox/test-failed-1.png]]

[[ATTACHMENT|critical-flows-KDP-Creator-92035--have-working-root-endpoint-firefox/video.webm]]

[[ATTACHMENT|critical-flows-KDP-Creator-92035--have-working-root-endpoint-firefox/error-context.md]]
]]>
</system-out>
<failure message="expect(received).toBeLessThan(expected)" type="expect.toBeLessThan">
<![CDATA[  [firefox] › critical-flows.spec.js:200:5 › KDP Creator Suite - Critical Flows › API Health › should have working root endpoint 

    Error: expect(received).toBeLessThan(expected)

    Expected: < 400
    Received:   500

      201 |       const response = await page.request.get('https://dashboard.kdpsuite.com/api');
      202 |       
    > 203 |       expect(response.status()).toBeLessThan(400);
          |                                 ^
      204 |       
      205 |       const body = await response.json();
      206 |       expect(body).toHaveProperty('message');
        at /home/unloved/kdpsuite/KDP-Creator-Suite/tests/e2e/critical-flows.spec.js:203:33

    attachment #1: screenshot (image/png) ──────────────────────────────────────────────────────────
    ../../test-results/critical-flows-KDP-Creator-92035--have-working-root-endpoint-firefox/test-failed-1.png
    ────────────────────────────────────────────────────────────────────────────────────────────────

    attachment #2: video (video/webm) ──────────────────────────────────────────────────────────────
    ../../test-results/critical-flows-KDP-Creator-92035--have-working-root-endpoint-firefox/video.webm
    ────────────────────────────────────────────────────────────────────────────────────────────────

    Error Context: ../../test-results/critical-flows-KDP-Creator-92035--have-working-root-endpoint-firefox/error-context.md
]]>
</failure>
</testcase>
<testcase name="KDP Creator Suite - Critical Flows › Error Handling › should handle 404 gracefully" classname="critical-flows.spec.js" time="1.347">
<system-out>
<![CDATA[
[[ATTACHMENT|critical-flows-KDP-Creator-11920-hould-handle-404-gracefully-firefox/test-failed-1.png]]

[[ATTACHMENT|critical-flows-KDP-Creator-11920-hould-handle-404-gracefully-firefox/video.webm]]

[[ATTACHMENT|critical-flows-KDP-Creator-11920-hould-handle-404-gracefully-firefox/error-context.md]]
]]>
</system-out>
<error message="page.goto: NS_ERROR_UNKNOWN_HOST" type="Error">
<![CDATA[  [firefox] › critical-flows.spec.js:211:5 › KDP Creator Suite - Critical Flows › Error Handling › should handle 404 gracefully 

    Error: page.goto: NS_ERROR_UNKNOWN_HOST
    Call log:
      - navigating to "https://kdpsuite.com/nonexistent-page", waiting until "networkidle"


      210 |   test.describe('Error Handling', () => {
      211 |     test('should handle 404 gracefully', async ({ page }) => {
    > 212 |       const response = await page.goto('/nonexistent-page', { waitUntil: 'networkidle' });
          |                                   ^
      213 |       
      214 |       // Should either show 404 page or redirect
      215 |       // Status should be 404 or 200 (if redirected)
        at /home/unloved/kdpsuite/KDP-Creator-Suite/tests/e2e/critical-flows.spec.js:212:35

    attachment #1: screenshot (image/png) ──────────────────────────────────────────────────────────
    ../../test-results/critical-flows-KDP-Creator-11920-hould-handle-404-gracefully-firefox/test-failed-1.png
    ────────────────────────────────────────────────────────────────────────────────────────────────

    attachment #2: video (video/webm) ──────────────────────────────────────────────────────────────
    ../../test-results/critical-flows-KDP-Creator-11920-hould-handle-404-gracefully-firefox/video.webm
    ────────────────────────────────────────────────────────────────────────────────────────────────

    Error Context: ../../test-results/critical-flows-KDP-Creator-11920-hould-handle-404-gracefully-firefox/error-context.md
]]>
</error>
</testcase>
<testcase name="KDP Creator Suite - Critical Flows › Error Handling › should handle network errors gracefully" classname="critical-flows.spec.js" time="1.143">
</testcase>
</testsuite>
<testsuite name="critical-flows.spec.js" timestamp="2026-07-13T13:48:31.932Z" hostname="webkit" tests="15" failures="2" skipped="0" time="90.488" errors="11">
<testcase name="KDP Creator Suite - Critical Flows › Landing Page › should load the main domain without errors" classname="critical-flows.spec.js" time="0.863">
<system-out>
<![CDATA[
[[ATTACHMENT|critical-flows-KDP-Creator-150ff--main-domain-without-errors-webkit/test-failed-1.png]]

[[ATTACHMENT|critical-flows-KDP-Creator-150ff--main-domain-without-errors-webkit/video.webm]]

[[ATTACHMENT|critical-flows-KDP-Creator-150ff--main-domain-without-errors-webkit/error-context.md]]
]]>
</system-out>
<error message="page.goto: Error resolving “www.kdpsuite.com”: Name or service not known" type="Error">
<![CDATA[  [webkit] › critical-flows.spec.js:16:5 › KDP Creator Suite - Critical Flows › Landing Page › should load the main domain without errors 

    Error: page.goto: Error resolving “www.kdpsuite.com”: Name or service not known
    Call log:
      - navigating to "https://kdpsuite.com/", waiting until "networkidle"


      16 |     test('should load the main domain without errors', async ({ page }) => {
      17 |       // Navigate to main domain
    > 18 |       const response = await page.goto('https://kdpsuite.com', { waitUntil: 'networkidle' });
         |                                   ^
      19 |       
      20 |       // Check response status
      21 |       expect(response.status()).toBeLessThan(400);
        at /home/unloved/kdpsuite/KDP-Creator-Suite/tests/e2e/critical-flows.spec.js:18:35

    attachment #1: screenshot (image/png) ──────────────────────────────────────────────────────────
    ../../test-results/critical-flows-KDP-Creator-150ff--main-domain-without-errors-webkit/test-failed-1.png
    ────────────────────────────────────────────────────────────────────────────────────────────────

    attachment #2: video (video/webm) ──────────────────────────────────────────────────────────────
    ../../test-results/critical-flows-KDP-Creator-150ff--main-domain-without-errors-webkit/video.webm
    ────────────────────────────────────────────────────────────────────────────────────────────────

    Error Context: ../../test-results/critical-flows-KDP-Creator-150ff--main-domain-without-errors-webkit/error-context.md
]]>
</error>
</testcase>
<testcase name="KDP Creator Suite - Critical Flows › Landing Page › should have navigation links" classname="critical-flows.spec.js" time="0.9">
<system-out>
<![CDATA[
[[ATTACHMENT|critical-flows-KDP-Creator-6de48-hould-have-navigation-links-webkit/test-failed-1.png]]

[[ATTACHMENT|critical-flows-KDP-Creator-6de48-hould-have-navigation-links-webkit/video.webm]]

[[ATTACHMENT|critical-flows-KDP-Creator-6de48-hould-have-navigation-links-webkit/error-context.md]]
]]>
</system-out>
<error message="page.goto: Error resolving “www.kdpsuite.com”: Name or service not known" type="Error">
<![CDATA[  [webkit] › critical-flows.spec.js:37:5 › KDP Creator Suite - Critical Flows › Landing Page › should have navigation links 

    Error: page.goto: Error resolving “www.kdpsuite.com”: Name or service not known
    Call log:
      - navigating to "https://kdpsuite.com/", waiting until "networkidle"


      36 |
      37 |     test('should have navigation links', async ({ page }) => {
    > 38 |       await page.goto('/', { waitUntil: 'networkidle' });
         |                  ^
      39 |       
      40 |       // Check for common navigation elements
      41 |       const navLinks = page.locator('nav a, header a, [role="navigation"] a');
        at /home/unloved/kdpsuite/KDP-Creator-Suite/tests/e2e/critical-flows.spec.js:38:18

    attachment #1: screenshot (image/png) ──────────────────────────────────────────────────────────
    ../../test-results/critical-flows-KDP-Creator-6de48-hould-have-navigation-links-webkit/test-failed-1.png
    ────────────────────────────────────────────────────────────────────────────────────────────────

    attachment #2: video (video/webm) ──────────────────────────────────────────────────────────────
    ../../test-results/critical-flows-KDP-Creator-6de48-hould-have-navigation-links-webkit/video.webm
    ────────────────────────────────────────────────────────────────────────────────────────────────

    Error Context: ../../test-results/critical-flows-KDP-Creator-6de48-hould-have-navigation-links-webkit/error-context.md
]]>
</error>
</testcase>
<testcase name="KDP Creator Suite - Critical Flows › Landing Page › should have login button or link" classname="critical-flows.spec.js" time="0.856">
<system-out>
<![CDATA[
[[ATTACHMENT|critical-flows-KDP-Creator-409b0-d-have-login-button-or-link-webkit/test-failed-1.png]]

[[ATTACHMENT|critical-flows-KDP-Creator-409b0-d-have-login-button-or-link-webkit/video.webm]]

[[ATTACHMENT|critical-flows-KDP-Creator-409b0-d-have-login-button-or-link-webkit/error-context.md]]
]]>
</system-out>
<error message="page.goto: Error resolving “www.kdpsuite.com”: Name or service not known" type="Error">
<![CDATA[  [webkit] › critical-flows.spec.js:47:5 › KDP Creator Suite - Critical Flows › Landing Page › should have login button or link 

    Error: page.goto: Error resolving “www.kdpsuite.com”: Name or service not known
    Call log:
      - navigating to "https://kdpsuite.com/", waiting until "networkidle"


      46 |
      47 |     test('should have login button or link', async ({ page }) => {
    > 48 |       await page.goto('/', { waitUntil: 'networkidle' });
         |                  ^
      49 |       
      50 |       // Look for login button/link
      51 |       const loginButton = page.locator('button:has-text("Login"), a:has-text("Login"), button:has-text("Sign In"), a:has-text("Sign In")');
        at /home/unloved/kdpsuite/KDP-Creator-Suite/tests/e2e/critical-flows.spec.js:48:18

    attachment #1: screenshot (image/png) ──────────────────────────────────────────────────────────
    ../../test-results/critical-flows-KDP-Creator-409b0-d-have-login-button-or-link-webkit/test-failed-1.png
    ────────────────────────────────────────────────────────────────────────────────────────────────

    attachment #2: video (video/webm) ──────────────────────────────────────────────────────────────
    ../../test-results/critical-flows-KDP-Creator-409b0-d-have-login-button-or-link-webkit/video.webm
    ────────────────────────────────────────────────────────────────────────────────────────────────

    Error Context: ../../test-results/critical-flows-KDP-Creator-409b0-d-have-login-button-or-link-webkit/error-context.md
]]>
</error>
</testcase>
<testcase name="KDP Creator Suite - Critical Flows › Login Flow › should navigate to login page" classname="critical-flows.spec.js" time="1.597">
</testcase>
<testcase name="KDP Creator Suite - Critical Flows › Login Flow › should show validation errors for empty form" classname="critical-flows.spec.js" time="0.919">
<system-out>
<![CDATA[
[[ATTACHMENT|critical-flows-KDP-Creator-c38a6-ation-errors-for-empty-form-webkit/test-failed-1.png]]

[[ATTACHMENT|critical-flows-KDP-Creator-c38a6-ation-errors-for-empty-form-webkit/video.webm]]

[[ATTACHMENT|critical-flows-KDP-Creator-c38a6-ation-errors-for-empty-form-webkit/error-context.md]]
]]>
</system-out>
<error message="page.goto: Error resolving “www.kdpsuite.com”: Name or service not known" type="Error">
<![CDATA[  [webkit] › critical-flows.spec.js:69:5 › KDP Creator Suite - Critical Flows › Login Flow › should show validation errors for empty form 

    Error: page.goto: Error resolving “www.kdpsuite.com”: Name or service not known
    Call log:
      - navigating to "https://kdpsuite.com/login", waiting until "networkidle"


      68 |
      69 |     test('should show validation errors for empty form', async ({ page }) => {
    > 70 |       await page.goto('/login', { waitUntil: 'networkidle' });
         |                  ^
      71 |       
      72 |       // Try to submit empty form
      73 |       const submitButton = page.locator('button[type="submit"], button:has-text("Login"), button:has-text("Sign In")');
        at /home/unloved/kdpsuite/KDP-Creator-Suite/tests/e2e/critical-flows.spec.js:70:18

    attachment #1: screenshot (image/png) ──────────────────────────────────────────────────────────
    ../../test-results/critical-flows-KDP-Creator-c38a6-ation-errors-for-empty-form-webkit/test-failed-1.png
    ────────────────────────────────────────────────────────────────────────────────────────────────

    attachment #2: video (video/webm) ──────────────────────────────────────────────────────────────
    ../../test-results/critical-flows-KDP-Creator-c38a6-ation-errors-for-empty-form-webkit/video.webm
    ────────────────────────────────────────────────────────────────────────────────────────────────

    Error Context: ../../test-results/critical-flows-KDP-Creator-c38a6-ation-errors-for-empty-form-webkit/error-context.md
]]>
</error>
</testcase>
<testcase name="KDP Creator Suite - Critical Flows › Login Flow › should reject invalid credentials" classname="critical-flows.spec.js" time="0.869">
<system-out>
<![CDATA[
[[ATTACHMENT|critical-flows-KDP-Creator-5f5b6--reject-invalid-credentials-webkit/test-failed-1.png]]

[[ATTACHMENT|critical-flows-KDP-Creator-5f5b6--reject-invalid-credentials-webkit/video.webm]]

[[ATTACHMENT|critical-flows-KDP-Creator-5f5b6--reject-invalid-credentials-webkit/error-context.md]]
]]>
</system-out>
<error message="page.goto: Error resolving “www.kdpsuite.com”: Name or service not known" type="Error">
<![CDATA[  [webkit] › critical-flows.spec.js:84:5 › KDP Creator Suite - Critical Flows › Login Flow › should reject invalid credentials 

    Error: page.goto: Error resolving “www.kdpsuite.com”: Name or service not known
    Call log:
      - navigating to "https://kdpsuite.com/login", waiting until "networkidle"


      83 |
      84 |     test('should reject invalid credentials', async ({ page }) => {
    > 85 |       await page.goto('/login', { waitUntil: 'networkidle' });
         |                  ^
      86 |       
      87 |       // Fill with invalid credentials
      88 |       await page.fill('input[type="email"]', 'invalid@test.com');
        at /home/unloved/kdpsuite/KDP-Creator-Suite/tests/e2e/critical-flows.spec.js:85:18

    attachment #1: screenshot (image/png) ──────────────────────────────────────────────────────────
    ../../test-results/critical-flows-KDP-Creator-5f5b6--reject-invalid-credentials-webkit/test-failed-1.png
    ────────────────────────────────────────────────────────────────────────────────────────────────

    attachment #2: video (video/webm) ──────────────────────────────────────────────────────────────
    ../../test-results/critical-flows-KDP-Creator-5f5b6--reject-invalid-credentials-webkit/video.webm
    ────────────────────────────────────────────────────────────────────────────────────────────────

    Error Context: ../../test-results/critical-flows-KDP-Creator-5f5b6--reject-invalid-credentials-webkit/error-context.md
]]>
</error>
</testcase>
<testcase name="KDP Creator Suite - Critical Flows › Login Flow › should successfully login with valid credentials" classname="critical-flows.spec.js" time="0.87">
<system-out>
<![CDATA[
[[ATTACHMENT|critical-flows-KDP-Creator-7dce5-ogin-with-valid-credentials-webkit/test-failed-1.png]]

[[ATTACHMENT|critical-flows-KDP-Creator-7dce5-ogin-with-valid-credentials-webkit/video.webm]]

[[ATTACHMENT|critical-flows-KDP-Creator-7dce5-ogin-with-valid-credentials-webkit/error-context.md]]
]]>
</system-out>
<error message="page.goto: Error resolving “www.kdpsuite.com”: Name or service not known" type="Error">
<![CDATA[  [webkit] › critical-flows.spec.js:106:5 › KDP Creator Suite - Critical Flows › Login Flow › should successfully login with valid credentials 

    Error: page.goto: Error resolving “www.kdpsuite.com”: Name or service not known
    Call log:
      - navigating to "https://kdpsuite.com/login", waiting until "networkidle"


      105 |
      106 |     test('should successfully login with valid credentials', async ({ page }) => {
    > 107 |       await page.goto('/login', { waitUntil: 'networkidle' });
          |                  ^
      108 |       
      109 |       const email = process.env.TEST_USER_EMAIL || 'unlovedproducts@gmail.com';
      110 |       const password = process.env.TEST_USER_PASSWORD || 'Appl3p1376!';
        at /home/unloved/kdpsuite/KDP-Creator-Suite/tests/e2e/critical-flows.spec.js:107:18

    attachment #1: screenshot (image/png) ──────────────────────────────────────────────────────────
    ../../test-results/critical-flows-KDP-Creator-7dce5-ogin-with-valid-credentials-webkit/test-failed-1.png
    ────────────────────────────────────────────────────────────────────────────────────────────────

    attachment #2: video (video/webm) ──────────────────────────────────────────────────────────────
    ../../test-results/critical-flows-KDP-Creator-7dce5-ogin-with-valid-credentials-webkit/video.webm
    ────────────────────────────────────────────────────────────────────────────────────────────────

    Error Context: ../../test-results/critical-flows-KDP-Creator-7dce5-ogin-with-valid-credentials-webkit/error-context.md
]]>
</error>
</testcase>
<testcase name="KDP Creator Suite - Critical Flows › Dashboard › should load dashboard without spinner stuck" classname="critical-flows.spec.js" time="17.741">
<system-out>
<![CDATA[
[[ATTACHMENT|critical-flows-KDP-Creator-38ad0-board-without-spinner-stuck-webkit/test-failed-1.png]]

[[ATTACHMENT|critical-flows-KDP-Creator-38ad0-board-without-spinner-stuck-webkit/video.webm]]

[[ATTACHMENT|critical-flows-KDP-Creator-38ad0-board-without-spinner-stuck-webkit/error-context.md]]
]]>
</system-out>
<error message="page.waitForURL: Timeout 15000ms exceeded." type="TimeoutError">
<![CDATA[  [webkit] › critical-flows.spec.js:147:5 › KDP Creator Suite - Critical Flows › Dashboard › should load dashboard without spinner stuck 

    TimeoutError: page.waitForURL: Timeout 15000ms exceeded.
    =========================== logs ===========================
    waiting for navigation to "/" until "load"
      navigated to "https://www.dashboard.kdpsuite.com/"
    ============================================================

      141 |       
      142 |       // Wait for dashboard
    > 143 |       await page.waitForURL('/', { timeout: 15000 });
          |                  ^
      144 |       await page.waitForLoadState('networkidle');
      145 |     });
      146 |
        at /home/unloved/kdpsuite/KDP-Creator-Suite/tests/e2e/critical-flows.spec.js:143:18

    attachment #1: screenshot (image/png) ──────────────────────────────────────────────────────────
    ../../test-results/critical-flows-KDP-Creator-38ad0-board-without-spinner-stuck-webkit/test-failed-1.png
    ────────────────────────────────────────────────────────────────────────────────────────────────

    attachment #2: video (video/webm) ──────────────────────────────────────────────────────────────
    ../../test-results/critical-flows-KDP-Creator-38ad0-board-without-spinner-stuck-webkit/video.webm
    ────────────────────────────────────────────────────────────────────────────────────────────────

    Error Context: ../../test-results/critical-flows-KDP-Creator-38ad0-board-without-spinner-stuck-webkit/error-context.md
]]>
</error>
</testcase>
<testcase name="KDP Creator Suite - Critical Flows › Dashboard › should display user information" classname="critical-flows.spec.js" time="17.612">
<system-out>
<![CDATA[
[[ATTACHMENT|critical-flows-KDP-Creator-480f9-ld-display-user-information-webkit/test-failed-1.png]]

[[ATTACHMENT|critical-flows-KDP-Creator-480f9-ld-display-user-information-webkit/video.webm]]

[[ATTACHMENT|critical-flows-KDP-Creator-480f9-ld-display-user-information-webkit/error-context.md]]
]]>
</system-out>
<error message="page.waitForURL: Timeout 15000ms exceeded." type="TimeoutError">
<![CDATA[  [webkit] › critical-flows.spec.js:162:5 › KDP Creator Suite - Critical Flows › Dashboard › should display user information 

    TimeoutError: page.waitForURL: Timeout 15000ms exceeded.
    =========================== logs ===========================
    waiting for navigation to "/" until "load"
      navigated to "https://www.dashboard.kdpsuite.com/"
    ============================================================

      141 |       
      142 |       // Wait for dashboard
    > 143 |       await page.waitForURL('/', { timeout: 15000 });
          |                  ^
      144 |       await page.waitForLoadState('networkidle');
      145 |     });
      146 |
        at /home/unloved/kdpsuite/KDP-Creator-Suite/tests/e2e/critical-flows.spec.js:143:18

    attachment #1: screenshot (image/png) ──────────────────────────────────────────────────────────
    ../../test-results/critical-flows-KDP-Creator-480f9-ld-display-user-information-webkit/test-failed-1.png
    ────────────────────────────────────────────────────────────────────────────────────────────────

    attachment #2: video (video/webm) ──────────────────────────────────────────────────────────────
    ../../test-results/critical-flows-KDP-Creator-480f9-ld-display-user-information-webkit/video.webm
    ────────────────────────────────────────────────────────────────────────────────────────────────

    Error Context: ../../test-results/critical-flows-KDP-Creator-480f9-ld-display-user-information-webkit/error-context.md
]]>
</error>
</testcase>
<testcase name="KDP Creator Suite - Critical Flows › Dashboard › should have logout button" classname="critical-flows.spec.js" time="17.701">
<system-out>
<![CDATA[
[[ATTACHMENT|critical-flows-KDP-Creator-4a6d8-d-should-have-logout-button-webkit/test-failed-1.png]]

[[ATTACHMENT|critical-flows-KDP-Creator-4a6d8-d-should-have-logout-button-webkit/video.webm]]

[[ATTACHMENT|critical-flows-KDP-Creator-4a6d8-d-should-have-logout-button-webkit/error-context.md]]
]]>
</system-out>
<error message="page.waitForURL: Timeout 15000ms exceeded." type="TimeoutError">
<![CDATA[  [webkit] › critical-flows.spec.js:171:5 › KDP Creator Suite - Critical Flows › Dashboard › should have logout button 

    TimeoutError: page.waitForURL: Timeout 15000ms exceeded.
    =========================== logs ===========================
    waiting for navigation to "/" until "load"
      navigated to "https://www.dashboard.kdpsuite.com/"
    ============================================================

      141 |       
      142 |       // Wait for dashboard
    > 143 |       await page.waitForURL('/', { timeout: 15000 });
          |                  ^
      144 |       await page.waitForLoadState('networkidle');
      145 |     });
      146 |
        at /home/unloved/kdpsuite/KDP-Creator-Suite/tests/e2e/critical-flows.spec.js:143:18

    attachment #1: screenshot (image/png) ──────────────────────────────────────────────────────────
    ../../test-results/critical-flows-KDP-Creator-4a6d8-d-should-have-logout-button-webkit/test-failed-1.png
    ────────────────────────────────────────────────────────────────────────────────────────────────

    attachment #2: video (video/webm) ──────────────────────────────────────────────────────────────
    ../../test-results/critical-flows-KDP-Creator-4a6d8-d-should-have-logout-button-webkit/video.webm
    ────────────────────────────────────────────────────────────────────────────────────────────────

    Error Context: ../../test-results/critical-flows-KDP-Creator-4a6d8-d-should-have-logout-button-webkit/error-context.md
]]>
</error>
</testcase>
<testcase name="KDP Creator Suite - Critical Flows › Dashboard › should handle logout" classname="critical-flows.spec.js" time="17.438">
<system-out>
<![CDATA[
[[ATTACHMENT|critical-flows-KDP-Creator-d1516-hboard-should-handle-logout-webkit/test-failed-1.png]]

[[ATTACHMENT|critical-flows-KDP-Creator-d1516-hboard-should-handle-logout-webkit/video.webm]]

[[ATTACHMENT|critical-flows-KDP-Creator-d1516-hboard-should-handle-logout-webkit/error-context.md]]
]]>
</system-out>
<error message="page.waitForURL: Timeout 15000ms exceeded." type="TimeoutError">
<![CDATA[  [webkit] › critical-flows.spec.js:177:5 › KDP Creator Suite - Critical Flows › Dashboard › should handle logout 

    TimeoutError: page.waitForURL: Timeout 15000ms exceeded.
    =========================== logs ===========================
    waiting for navigation to "/" until "load"
      navigated to "https://www.dashboard.kdpsuite.com/"
    ============================================================

      141 |       
      142 |       // Wait for dashboard
    > 143 |       await page.waitForURL('/', { timeout: 15000 });
          |                  ^
      144 |       await page.waitForLoadState('networkidle');
      145 |     });
      146 |
        at /home/unloved/kdpsuite/KDP-Creator-Suite/tests/e2e/critical-flows.spec.js:143:18

    attachment #1: screenshot (image/png) ──────────────────────────────────────────────────────────
    ../../test-results/critical-flows-KDP-Creator-d1516-hboard-should-handle-logout-webkit/test-failed-1.png
    ────────────────────────────────────────────────────────────────────────────────────────────────

    attachment #2: video (video/webm) ──────────────────────────────────────────────────────────────
    ../../test-results/critical-flows-KDP-Creator-d1516-hboard-should-handle-logout-webkit/video.webm
    ────────────────────────────────────────────────────────────────────────────────────────────────

    Error Context: ../../test-results/critical-flows-KDP-Creator-d1516-hboard-should-handle-logout-webkit/error-context.md
]]>
</error>
</testcase>
<testcase name="KDP Creator Suite - Critical Flows › API Health › should have working health endpoint" classname="critical-flows.spec.js" time="4.201">
<system-out>
<![CDATA[
[[ATTACHMENT|critical-flows-KDP-Creator-6dbe1-ave-working-health-endpoint-webkit/test-failed-1.png]]

[[ATTACHMENT|critical-flows-KDP-Creator-6dbe1-ave-working-health-endpoint-webkit/video.webm]]

[[ATTACHMENT|critical-flows-KDP-Creator-6dbe1-ave-working-health-endpoint-webkit/error-context.md]]
]]>
</system-out>
<failure message="expect(received).toBeLessThan(expected)" type="expect.toBeLessThan">
<![CDATA[  [webkit] › critical-flows.spec.js:191:5 › KDP Creator Suite - Critical Flows › API Health › should have working health endpoint 

    Error: expect(received).toBeLessThan(expected)

    Expected: < 400
    Received:   500

      192 |       const response = await page.request.get('https://dashboard.kdpsuite.com/api/health');
      193 |       
    > 194 |       expect(response.status()).toBeLessThan(400);
          |                                 ^
      195 |       
      196 |       const body = await response.json();
      197 |       expect(body).toHaveProperty('status');
        at /home/unloved/kdpsuite/KDP-Creator-Suite/tests/e2e/critical-flows.spec.js:194:33

    attachment #1: screenshot (image/png) ──────────────────────────────────────────────────────────
    ../../test-results/critical-flows-KDP-Creator-6dbe1-ave-working-health-endpoint-webkit/test-failed-1.png
    ────────────────────────────────────────────────────────────────────────────────────────────────

    attachment #2: video (video/webm) ──────────────────────────────────────────────────────────────
    ../../test-results/critical-flows-KDP-Creator-6dbe1-ave-working-health-endpoint-webkit/video.webm
    ────────────────────────────────────────────────────────────────────────────────────────────────

    Error Context: ../../test-results/critical-flows-KDP-Creator-6dbe1-ave-working-health-endpoint-webkit/error-context.md
]]>
</failure>
</testcase>
<testcase name="KDP Creator Suite - Critical Flows › API Health › should have working root endpoint" classname="critical-flows.spec.js" time="5.109">
<system-out>
<![CDATA[
[[ATTACHMENT|critical-flows-KDP-Creator-92035--have-working-root-endpoint-webkit/test-failed-1.png]]

[[ATTACHMENT|critical-flows-KDP-Creator-92035--have-working-root-endpoint-webkit/video.webm]]

[[ATTACHMENT|critical-flows-KDP-Creator-92035--have-working-root-endpoint-webkit/error-context.md]]
]]>
</system-out>
<failure message="expect(received).toBeLessThan(expected)" type="expect.toBeLessThan">
<![CDATA[  [webkit] › critical-flows.spec.js:200:5 › KDP Creator Suite - Critical Flows › API Health › should have working root endpoint 

    Error: expect(received).toBeLessThan(expected)

    Expected: < 400
    Received:   500

      201 |       const response = await page.request.get('https://dashboard.kdpsuite.com/api');
      202 |       
    > 203 |       expect(response.status()).toBeLessThan(400);
          |                                 ^
      204 |       
      205 |       const body = await response.json();
      206 |       expect(body).toHaveProperty('message');
        at /home/unloved/kdpsuite/KDP-Creator-Suite/tests/e2e/critical-flows.spec.js:203:33

    attachment #1: screenshot (image/png) ──────────────────────────────────────────────────────────
    ../../test-results/critical-flows-KDP-Creator-92035--have-working-root-endpoint-webkit/test-failed-1.png
    ────────────────────────────────────────────────────────────────────────────────────────────────

    attachment #2: video (video/webm) ──────────────────────────────────────────────────────────────
    ../../test-results/critical-flows-KDP-Creator-92035--have-working-root-endpoint-webkit/video.webm
    ────────────────────────────────────────────────────────────────────────────────────────────────

    Error Context: ../../test-results/critical-flows-KDP-Creator-92035--have-working-root-endpoint-webkit/error-context.md
]]>
</failure>
</testcase>
<testcase name="KDP Creator Suite - Critical Flows › Error Handling › should handle 404 gracefully" classname="critical-flows.spec.js" time="2.048">
<system-out>
<![CDATA[
[[ATTACHMENT|critical-flows-KDP-Creator-11920-hould-handle-404-gracefully-webkit/test-failed-1.png]]

[[ATTACHMENT|critical-flows-KDP-Creator-11920-hould-handle-404-gracefully-webkit/video.webm]]

[[ATTACHMENT|critical-flows-KDP-Creator-11920-hould-handle-404-gracefully-webkit/error-context.md]]
]]>
</system-out>
<error message="page.goto: Error resolving “www.kdpsuite.com”: Name or service not known" type="Error">
<![CDATA[  [webkit] › critical-flows.spec.js:211:5 › KDP Creator Suite - Critical Flows › Error Handling › should handle 404 gracefully 

    Error: page.goto: Error resolving “www.kdpsuite.com”: Name or service not known
    Call log:
      - navigating to "https://kdpsuite.com/nonexistent-page", waiting until "networkidle"


      210 |   test.describe('Error Handling', () => {
      211 |     test('should handle 404 gracefully', async ({ page }) => {
    > 212 |       const response = await page.goto('/nonexistent-page', { waitUntil: 'networkidle' });
          |                                   ^
      213 |       
      214 |       // Should either show 404 page or redirect
      215 |       // Status should be 404 or 200 (if redirected)
        at /home/unloved/kdpsuite/KDP-Creator-Suite/tests/e2e/critical-flows.spec.js:212:35

    attachment #1: screenshot (image/png) ──────────────────────────────────────────────────────────
    ../../test-results/critical-flows-KDP-Creator-11920-hould-handle-404-gracefully-webkit/test-failed-1.png
    ────────────────────────────────────────────────────────────────────────────────────────────────

    attachment #2: video (video/webm) ──────────────────────────────────────────────────────────────
    ../../test-results/critical-flows-KDP-Creator-11920-hould-handle-404-gracefully-webkit/video.webm
    ────────────────────────────────────────────────────────────────────────────────────────────────

    Error Context: ../../test-results/critical-flows-KDP-Creator-11920-hould-handle-404-gracefully-webkit/error-context.md
]]>
</error>
</testcase>
<testcase name="KDP Creator Suite - Critical Flows › Error Handling › should handle network errors gracefully" classname="critical-flows.spec.js" time="1.764">
</testcase>
</testsuite>
<testsuite name="critical-flows.spec.js" timestamp="2026-07-13T13:48:31.932Z" hostname="Mobile Chrome" tests="15" failures="2" skipped="0" time="79.297" errors="11">
<testcase name="KDP Creator Suite - Critical Flows › Landing Page › should load the main domain without errors" classname="critical-flows.spec.js" time="0.794">
<system-out>
<![CDATA[
[[ATTACHMENT|critical-flows-KDP-Creator-150ff--main-domain-without-errors-Mobile-Chrome/test-failed-1.png]]

[[ATTACHMENT|critical-flows-KDP-Creator-150ff--main-domain-without-errors-Mobile-Chrome/video.webm]]

[[ATTACHMENT|critical-flows-KDP-Creator-150ff--main-domain-without-errors-Mobile-Chrome/error-context.md]]
]]>
</system-out>
<error message="page.goto: net::ERR_NAME_NOT_RESOLVED at https://kdpsuite.com/" type="Error">
<![CDATA[  [Mobile Chrome] › critical-flows.spec.js:16:5 › KDP Creator Suite - Critical Flows › Landing Page › should load the main domain without errors 

    Error: page.goto: net::ERR_NAME_NOT_RESOLVED at https://kdpsuite.com/
    Call log:
      - navigating to "https://kdpsuite.com/", waiting until "networkidle"


      16 |     test('should load the main domain without errors', async ({ page }) => {
      17 |       // Navigate to main domain
    > 18 |       const response = await page.goto('https://kdpsuite.com', { waitUntil: 'networkidle' });
         |                                   ^
      19 |       
      20 |       // Check response status
      21 |       expect(response.status()).toBeLessThan(400);
        at /home/unloved/kdpsuite/KDP-Creator-Suite/tests/e2e/critical-flows.spec.js:18:35

    attachment #1: screenshot (image/png) ──────────────────────────────────────────────────────────
    ../../test-results/critical-flows-KDP-Creator-150ff--main-domain-without-errors-Mobile-Chrome/test-failed-1.png
    ────────────────────────────────────────────────────────────────────────────────────────────────

    attachment #2: video (video/webm) ──────────────────────────────────────────────────────────────
    ../../test-results/critical-flows-KDP-Creator-150ff--main-domain-without-errors-Mobile-Chrome/video.webm
    ────────────────────────────────────────────────────────────────────────────────────────────────

    Error Context: ../../test-results/critical-flows-KDP-Creator-150ff--main-domain-without-errors-Mobile-Chrome/error-context.md
]]>
</error>
</testcase>
<testcase name="KDP Creator Suite - Critical Flows › Landing Page › should have navigation links" classname="critical-flows.spec.js" time="0.936">
<system-out>
<![CDATA[
[[ATTACHMENT|critical-flows-KDP-Creator-6de48-hould-have-navigation-links-Mobile-Chrome/test-failed-1.png]]

[[ATTACHMENT|critical-flows-KDP-Creator-6de48-hould-have-navigation-links-Mobile-Chrome/video.webm]]

[[ATTACHMENT|critical-flows-KDP-Creator-6de48-hould-have-navigation-links-Mobile-Chrome/error-context.md]]
]]>
</system-out>
<error message="page.goto: net::ERR_NAME_NOT_RESOLVED at https://kdpsuite.com/" type="Error">
<![CDATA[  [Mobile Chrome] › critical-flows.spec.js:37:5 › KDP Creator Suite - Critical Flows › Landing Page › should have navigation links 

    Error: page.goto: net::ERR_NAME_NOT_RESOLVED at https://kdpsuite.com/
    Call log:
      - navigating to "https://kdpsuite.com/", waiting until "networkidle"


      36 |
      37 |     test('should have navigation links', async ({ page }) => {
    > 38 |       await page.goto('/', { waitUntil: 'networkidle' });
         |                  ^
      39 |       
      40 |       // Check for common navigation elements
      41 |       const navLinks = page.locator('nav a, header a, [role="navigation"] a');
        at /home/unloved/kdpsuite/KDP-Creator-Suite/tests/e2e/critical-flows.spec.js:38:18

    attachment #1: screenshot (image/png) ──────────────────────────────────────────────────────────
    ../../test-results/critical-flows-KDP-Creator-6de48-hould-have-navigation-links-Mobile-Chrome/test-failed-1.png
    ────────────────────────────────────────────────────────────────────────────────────────────────

    attachment #2: video (video/webm) ──────────────────────────────────────────────────────────────
    ../../test-results/critical-flows-KDP-Creator-6de48-hould-have-navigation-links-Mobile-Chrome/video.webm
    ────────────────────────────────────────────────────────────────────────────────────────────────

    Error Context: ../../test-results/critical-flows-KDP-Creator-6de48-hould-have-navigation-links-Mobile-Chrome/error-context.md
]]>
</error>
</testcase>
<testcase name="KDP Creator Suite - Critical Flows › Landing Page › should have login button or link" classname="critical-flows.spec.js" time="0.827">
<system-out>
<![CDATA[
[[ATTACHMENT|critical-flows-KDP-Creator-409b0-d-have-login-button-or-link-Mobile-Chrome/test-failed-1.png]]

[[ATTACHMENT|critical-flows-KDP-Creator-409b0-d-have-login-button-or-link-Mobile-Chrome/video.webm]]

[[ATTACHMENT|critical-flows-KDP-Creator-409b0-d-have-login-button-or-link-Mobile-Chrome/error-context.md]]
]]>
</system-out>
<error message="page.goto: net::ERR_NAME_NOT_RESOLVED at https://kdpsuite.com/" type="Error">
<![CDATA[  [Mobile Chrome] › critical-flows.spec.js:47:5 › KDP Creator Suite - Critical Flows › Landing Page › should have login button or link 

    Error: page.goto: net::ERR_NAME_NOT_RESOLVED at https://kdpsuite.com/
    Call log:
      - navigating to "https://kdpsuite.com/", waiting until "networkidle"


      46 |
      47 |     test('should have login button or link', async ({ page }) => {
    > 48 |       await page.goto('/', { waitUntil: 'networkidle' });
         |                  ^
      49 |       
      50 |       // Look for login button/link
      51 |       const loginButton = page.locator('button:has-text("Login"), a:has-text("Login"), button:has-text("Sign In"), a:has-text("Sign In")');
        at /home/unloved/kdpsuite/KDP-Creator-Suite/tests/e2e/critical-flows.spec.js:48:18

    attachment #1: screenshot (image/png) ──────────────────────────────────────────────────────────
    ../../test-results/critical-flows-KDP-Creator-409b0-d-have-login-button-or-link-Mobile-Chrome/test-failed-1.png
    ────────────────────────────────────────────────────────────────────────────────────────────────

    attachment #2: video (video/webm) ──────────────────────────────────────────────────────────────
    ../../test-results/critical-flows-KDP-Creator-409b0-d-have-login-button-or-link-Mobile-Chrome/video.webm
    ────────────────────────────────────────────────────────────────────────────────────────────────

    Error Context: ../../test-results/critical-flows-KDP-Creator-409b0-d-have-login-button-or-link-Mobile-Chrome/error-context.md
]]>
</error>
</testcase>
<testcase name="KDP Creator Suite - Critical Flows › Login Flow › should navigate to login page" classname="critical-flows.spec.js" time="1.736">
</testcase>
<testcase name="KDP Creator Suite - Critical Flows › Login Flow › should show validation errors for empty form" classname="critical-flows.spec.js" time="0.778">
<system-out>
<![CDATA[
[[ATTACHMENT|critical-flows-KDP-Creator-c38a6-ation-errors-for-empty-form-Mobile-Chrome/test-failed-1.png]]

[[ATTACHMENT|critical-flows-KDP-Creator-c38a6-ation-errors-for-empty-form-Mobile-Chrome/video.webm]]

[[ATTACHMENT|critical-flows-KDP-Creator-c38a6-ation-errors-for-empty-form-Mobile-Chrome/error-context.md]]
]]>
</system-out>
<error message="page.goto: net::ERR_NAME_NOT_RESOLVED at https://kdpsuite.com/login" type="Error">
<![CDATA[  [Mobile Chrome] › critical-flows.spec.js:69:5 › KDP Creator Suite - Critical Flows › Login Flow › should show validation errors for empty form 

    Error: page.goto: net::ERR_NAME_NOT_RESOLVED at https://kdpsuite.com/login
    Call log:
      - navigating to "https://kdpsuite.com/login", waiting until "networkidle"


      68 |
      69 |     test('should show validation errors for empty form', async ({ page }) => {
    > 70 |       await page.goto('/login', { waitUntil: 'networkidle' });
         |                  ^
      71 |       
      72 |       // Try to submit empty form
      73 |       const submitButton = page.locator('button[type="submit"], button:has-text("Login"), button:has-text("Sign In")');
        at /home/unloved/kdpsuite/KDP-Creator-Suite/tests/e2e/critical-flows.spec.js:70:18

    attachment #1: screenshot (image/png) ──────────────────────────────────────────────────────────
    ../../test-results/critical-flows-KDP-Creator-c38a6-ation-errors-for-empty-form-Mobile-Chrome/test-failed-1.png
    ────────────────────────────────────────────────────────────────────────────────────────────────

    attachment #2: video (video/webm) ──────────────────────────────────────────────────────────────
    ../../test-results/critical-flows-KDP-Creator-c38a6-ation-errors-for-empty-form-Mobile-Chrome/video.webm
    ────────────────────────────────────────────────────────────────────────────────────────────────

    Error Context: ../../test-results/critical-flows-KDP-Creator-c38a6-ation-errors-for-empty-form-Mobile-Chrome/error-context.md
]]>
</error>
</testcase>
<testcase name="KDP Creator Suite - Critical Flows › Login Flow › should reject invalid credentials" classname="critical-flows.spec.js" time="0.872">
<system-out>
<![CDATA[
[[ATTACHMENT|critical-flows-KDP-Creator-5f5b6--reject-invalid-credentials-Mobile-Chrome/test-failed-1.png]]

[[ATTACHMENT|critical-flows-KDP-Creator-5f5b6--reject-invalid-credentials-Mobile-Chrome/video.webm]]

[[ATTACHMENT|critical-flows-KDP-Creator-5f5b6--reject-invalid-credentials-Mobile-Chrome/error-context.md]]
]]>
</system-out>
<error message="page.goto: net::ERR_NAME_NOT_RESOLVED at https://kdpsuite.com/login" type="Error">
<![CDATA[  [Mobile Chrome] › critical-flows.spec.js:84:5 › KDP Creator Suite - Critical Flows › Login Flow › should reject invalid credentials 

    Error: page.goto: net::ERR_NAME_NOT_RESOLVED at https://kdpsuite.com/login
    Call log:
      - navigating to "https://kdpsuite.com/login", waiting until "networkidle"


      83 |
      84 |     test('should reject invalid credentials', async ({ page }) => {
    > 85 |       await page.goto('/login', { waitUntil: 'networkidle' });
         |                  ^
      86 |       
      87 |       // Fill with invalid credentials
      88 |       await page.fill('input[type="email"]', 'invalid@test.com');
        at /home/unloved/kdpsuite/KDP-Creator-Suite/tests/e2e/critical-flows.spec.js:85:18

    attachment #1: screenshot (image/png) ──────────────────────────────────────────────────────────
    ../../test-results/critical-flows-KDP-Creator-5f5b6--reject-invalid-credentials-Mobile-Chrome/test-failed-1.png
    ────────────────────────────────────────────────────────────────────────────────────────────────

    attachment #2: video (video/webm) ──────────────────────────────────────────────────────────────
    ../../test-results/critical-flows-KDP-Creator-5f5b6--reject-invalid-credentials-Mobile-Chrome/video.webm
    ────────────────────────────────────────────────────────────────────────────────────────────────

    Error Context: ../../test-results/critical-flows-KDP-Creator-5f5b6--reject-invalid-credentials-Mobile-Chrome/error-context.md
]]>
</error>
</testcase>
<testcase name="KDP Creator Suite - Critical Flows › Login Flow › should successfully login with valid credentials" classname="critical-flows.spec.js" time="0.884">
<system-out>
<![CDATA[
[[ATTACHMENT|critical-flows-KDP-Creator-7dce5-ogin-with-valid-credentials-Mobile-Chrome/test-failed-1.png]]

[[ATTACHMENT|critical-flows-KDP-Creator-7dce5-ogin-with-valid-credentials-Mobile-Chrome/video.webm]]

[[ATTACHMENT|critical-flows-KDP-Creator-7dce5-ogin-with-valid-credentials-Mobile-Chrome/error-context.md]]
]]>
</system-out>
<error message="page.goto: net::ERR_NAME_NOT_RESOLVED at https://kdpsuite.com/login" type="Error">
<![CDATA[  [Mobile Chrome] › critical-flows.spec.js:106:5 › KDP Creator Suite - Critical Flows › Login Flow › should successfully login with valid credentials 

    Error: page.goto: net::ERR_NAME_NOT_RESOLVED at https://kdpsuite.com/login
    Call log:
      - navigating to "https://kdpsuite.com/login", waiting until "networkidle"


      105 |
      106 |     test('should successfully login with valid credentials', async ({ page }) => {
    > 107 |       await page.goto('/login', { waitUntil: 'networkidle' });
          |                  ^
      108 |       
      109 |       const email = process.env.TEST_USER_EMAIL || 'unlovedproducts@gmail.com';
      110 |       const password = process.env.TEST_USER_PASSWORD || 'Appl3p1376!';
        at /home/unloved/kdpsuite/KDP-Creator-Suite/tests/e2e/critical-flows.spec.js:107:18

    attachment #1: screenshot (image/png) ──────────────────────────────────────────────────────────
    ../../test-results/critical-flows-KDP-Creator-7dce5-ogin-with-valid-credentials-Mobile-Chrome/test-failed-1.png
    ────────────────────────────────────────────────────────────────────────────────────────────────

    attachment #2: video (video/webm) ──────────────────────────────────────────────────────────────
    ../../test-results/critical-flows-KDP-Creator-7dce5-ogin-with-valid-credentials-Mobile-Chrome/video.webm
    ────────────────────────────────────────────────────────────────────────────────────────────────

    Error Context: ../../test-results/critical-flows-KDP-Creator-7dce5-ogin-with-valid-credentials-Mobile-Chrome/error-context.md
]]>
</error>
</testcase>
<testcase name="KDP Creator Suite - Critical Flows › Dashboard › should load dashboard without spinner stuck" classname="critical-flows.spec.js" time="16.857">
<system-out>
<![CDATA[
[[ATTACHMENT|critical-flows-KDP-Creator-38ad0-board-without-spinner-stuck-Mobile-Chrome/test-failed-1.png]]

[[ATTACHMENT|critical-flows-KDP-Creator-38ad0-board-without-spinner-stuck-Mobile-Chrome/video.webm]]

[[ATTACHMENT|critical-flows-KDP-Creator-38ad0-board-without-spinner-stuck-Mobile-Chrome/error-context.md]]
]]>
</system-out>
<error message="page.waitForURL: Timeout 15000ms exceeded." type="TimeoutError">
<![CDATA[  [Mobile Chrome] › critical-flows.spec.js:147:5 › KDP Creator Suite - Critical Flows › Dashboard › should load dashboard without spinner stuck 

    TimeoutError: page.waitForURL: Timeout 15000ms exceeded.
    =========================== logs ===========================
    waiting for navigation to "/" until "load"
      navigated to "https://www.dashboard.kdpsuite.com/"
    ============================================================

      141 |       
      142 |       // Wait for dashboard
    > 143 |       await page.waitForURL('/', { timeout: 15000 });
          |                  ^
      144 |       await page.waitForLoadState('networkidle');
      145 |     });
      146 |
        at /home/unloved/kdpsuite/KDP-Creator-Suite/tests/e2e/critical-flows.spec.js:143:18

    attachment #1: screenshot (image/png) ──────────────────────────────────────────────────────────
    ../../test-results/critical-flows-KDP-Creator-38ad0-board-without-spinner-stuck-Mobile-Chrome/test-failed-1.png
    ────────────────────────────────────────────────────────────────────────────────────────────────

    attachment #2: video (video/webm) ──────────────────────────────────────────────────────────────
    ../../test-results/critical-flows-KDP-Creator-38ad0-board-without-spinner-stuck-Mobile-Chrome/video.webm
    ────────────────────────────────────────────────────────────────────────────────────────────────

    Error Context: ../../test-results/critical-flows-KDP-Creator-38ad0-board-without-spinner-stuck-Mobile-Chrome/error-context.md
]]>
</error>
</testcase>
<testcase name="KDP Creator Suite - Critical Flows › Dashboard › should display user information" classname="critical-flows.spec.js" time="16.561">
<system-out>
<![CDATA[
[[ATTACHMENT|critical-flows-KDP-Creator-480f9-ld-display-user-information-Mobile-Chrome/test-failed-1.png]]

[[ATTACHMENT|critical-flows-KDP-Creator-480f9-ld-display-user-information-Mobile-Chrome/video.webm]]

[[ATTACHMENT|critical-flows-KDP-Creator-480f9-ld-display-user-information-Mobile-Chrome/error-context.md]]
]]>
</system-out>
<error message="page.waitForURL: Timeout 15000ms exceeded." type="TimeoutError">
<![CDATA[  [Mobile Chrome] › critical-flows.spec.js:162:5 › KDP Creator Suite - Critical Flows › Dashboard › should display user information 

    TimeoutError: page.waitForURL: Timeout 15000ms exceeded.
    =========================== logs ===========================
    waiting for navigation to "/" until "load"
      navigated to "https://www.dashboard.kdpsuite.com/"
    ============================================================

      141 |       
      142 |       // Wait for dashboard
    > 143 |       await page.waitForURL('/', { timeout: 15000 });
          |                  ^
      144 |       await page.waitForLoadState('networkidle');
      145 |     });
      146 |
        at /home/unloved/kdpsuite/KDP-Creator-Suite/tests/e2e/critical-flows.spec.js:143:18

    attachment #1: screenshot (image/png) ──────────────────────────────────────────────────────────
    ../../test-results/critical-flows-KDP-Creator-480f9-ld-display-user-information-Mobile-Chrome/test-failed-1.png
    ────────────────────────────────────────────────────────────────────────────────────────────────

    attachment #2: video (video/webm) ──────────────────────────────────────────────────────────────
    ../../test-results/critical-flows-KDP-Creator-480f9-ld-display-user-information-Mobile-Chrome/video.webm
    ────────────────────────────────────────────────────────────────────────────────────────────────

    Error Context: ../../test-results/critical-flows-KDP-Creator-480f9-ld-display-user-information-Mobile-Chrome/error-context.md
]]>
</error>
</testcase>
<testcase name="KDP Creator Suite - Critical Flows › Dashboard › should have logout button" classname="critical-flows.spec.js" time="16.514">
<system-out>
<![CDATA[
[[ATTACHMENT|critical-flows-KDP-Creator-4a6d8-d-should-have-logout-button-Mobile-Chrome/test-failed-1.png]]

[[ATTACHMENT|critical-flows-KDP-Creator-4a6d8-d-should-have-logout-button-Mobile-Chrome/video.webm]]

[[ATTACHMENT|critical-flows-KDP-Creator-4a6d8-d-should-have-logout-button-Mobile-Chrome/error-context.md]]
]]>
</system-out>
<error message="page.waitForURL: Timeout 15000ms exceeded." type="TimeoutError">
<![CDATA[  [Mobile Chrome] › critical-flows.spec.js:171:5 › KDP Creator Suite - Critical Flows › Dashboard › should have logout button 

    TimeoutError: page.waitForURL: Timeout 15000ms exceeded.
    =========================== logs ===========================
    waiting for navigation to "/" until "load"
      navigated to "https://www.dashboard.kdpsuite.com/"
    ============================================================

      141 |       
      142 |       // Wait for dashboard
    > 143 |       await page.waitForURL('/', { timeout: 15000 });
          |                  ^
      144 |       await page.waitForLoadState('networkidle');
      145 |     });
      146 |
        at /home/unloved/kdpsuite/KDP-Creator-Suite/tests/e2e/critical-flows.spec.js:143:18

    attachment #1: screenshot (image/png) ──────────────────────────────────────────────────────────
    ../../test-results/critical-flows-KDP-Creator-4a6d8-d-should-have-logout-button-Mobile-Chrome/test-failed-1.png
    ────────────────────────────────────────────────────────────────────────────────────────────────

    attachment #2: video (video/webm) ──────────────────────────────────────────────────────────────
    ../../test-results/critical-flows-KDP-Creator-4a6d8-d-should-have-logout-button-Mobile-Chrome/video.webm
    ────────────────────────────────────────────────────────────────────────────────────────────────

    Error Context: ../../test-results/critical-flows-KDP-Creator-4a6d8-d-should-have-logout-button-Mobile-Chrome/error-context.md
]]>
</error>
</testcase>
<testcase name="KDP Creator Suite - Critical Flows › Dashboard › should handle logout" classname="critical-flows.spec.js" time="16.775">
<system-out>
<![CDATA[
[[ATTACHMENT|critical-flows-KDP-Creator-d1516-hboard-should-handle-logout-Mobile-Chrome/test-failed-1.png]]

[[ATTACHMENT|critical-flows-KDP-Creator-d1516-hboard-should-handle-logout-Mobile-Chrome/video.webm]]

[[ATTACHMENT|critical-flows-KDP-Creator-d1516-hboard-should-handle-logout-Mobile-Chrome/error-context.md]]
]]>
</system-out>
<error message="page.waitForURL: Timeout 15000ms exceeded." type="TimeoutError">
<![CDATA[  [Mobile Chrome] › critical-flows.spec.js:177:5 › KDP Creator Suite - Critical Flows › Dashboard › should handle logout 

    TimeoutError: page.waitForURL: Timeout 15000ms exceeded.
    =========================== logs ===========================
    waiting for navigation to "/" until "load"
      navigated to "https://www.dashboard.kdpsuite.com/"
    ============================================================

      141 |       
      142 |       // Wait for dashboard
    > 143 |       await page.waitForURL('/', { timeout: 15000 });
          |                  ^
      144 |       await page.waitForLoadState('networkidle');
      145 |     });
      146 |
        at /home/unloved/kdpsuite/KDP-Creator-Suite/tests/e2e/critical-flows.spec.js:143:18

    attachment #1: screenshot (image/png) ──────────────────────────────────────────────────────────
    ../../test-results/critical-flows-KDP-Creator-d1516-hboard-should-handle-logout-Mobile-Chrome/test-failed-1.png
    ────────────────────────────────────────────────────────────────────────────────────────────────

    attachment #2: video (video/webm) ──────────────────────────────────────────────────────────────
    ../../test-results/critical-flows-KDP-Creator-d1516-hboard-should-handle-logout-Mobile-Chrome/video.webm
    ────────────────────────────────────────────────────────────────────────────────────────────────

    Error Context: ../../test-results/critical-flows-KDP-Creator-d1516-hboard-should-handle-logout-Mobile-Chrome/error-context.md
]]>
</error>
</testcase>
<testcase name="KDP Creator Suite - Critical Flows › API Health › should have working health endpoint" classname="critical-flows.spec.js" time="2.185">
<system-out>
<![CDATA[
[[ATTACHMENT|critical-flows-KDP-Creator-6dbe1-ave-working-health-endpoint-Mobile-Chrome/test-failed-1.png]]

[[ATTACHMENT|critical-flows-KDP-Creator-6dbe1-ave-working-health-endpoint-Mobile-Chrome/video.webm]]

[[ATTACHMENT|critical-flows-KDP-Creator-6dbe1-ave-working-health-endpoint-Mobile-Chrome/error-context.md]]
]]>
</system-out>
<failure message="expect(received).toBeLessThan(expected)" type="expect.toBeLessThan">
<![CDATA[  [Mobile Chrome] › critical-flows.spec.js:191:5 › KDP Creator Suite - Critical Flows › API Health › should have working health endpoint 

    Error: expect(received).toBeLessThan(expected)

    Expected: < 400
    Received:   500

      192 |       const response = await page.request.get('https://dashboard.kdpsuite.com/api/health');
      193 |       
    > 194 |       expect(response.status()).toBeLessThan(400);
          |                                 ^
      195 |       
      196 |       const body = await response.json();
      197 |       expect(body).toHaveProperty('status');
        at /home/unloved/kdpsuite/KDP-Creator-Suite/tests/e2e/critical-flows.spec.js:194:33

    attachment #1: screenshot (image/png) ──────────────────────────────────────────────────────────
    ../../test-results/critical-flows-KDP-Creator-6dbe1-ave-working-health-endpoint-Mobile-Chrome/test-failed-1.png
    ────────────────────────────────────────────────────────────────────────────────────────────────

    attachment #2: video (video/webm) ──────────────────────────────────────────────────────────────
    ../../test-results/critical-flows-KDP-Creator-6dbe1-ave-working-health-endpoint-Mobile-Chrome/video.webm
    ────────────────────────────────────────────────────────────────────────────────────────────────

    Error Context: ../../test-results/critical-flows-KDP-Creator-6dbe1-ave-working-health-endpoint-Mobile-Chrome/error-context.md
]]>
</failure>
</testcase>
<testcase name="KDP Creator Suite - Critical Flows › API Health › should have working root endpoint" classname="critical-flows.spec.js" time="2.654">
<system-out>
<![CDATA[
[[ATTACHMENT|critical-flows-KDP-Creator-92035--have-working-root-endpoint-Mobile-Chrome/test-failed-1.png]]

[[ATTACHMENT|critical-flows-KDP-Creator-92035--have-working-root-endpoint-Mobile-Chrome/video.webm]]

[[ATTACHMENT|critical-flows-KDP-Creator-92035--have-working-root-endpoint-Mobile-Chrome/error-context.md]]
]]>
</system-out>
<failure message="expect(received).toBeLessThan(expected)" type="expect.toBeLessThan">
<![CDATA[  [Mobile Chrome] › critical-flows.spec.js:200:5 › KDP Creator Suite - Critical Flows › API Health › should have working root endpoint 

    Error: expect(received).toBeLessThan(expected)

    Expected: < 400
    Received:   500

      201 |       const response = await page.request.get('https://dashboard.kdpsuite.com/api');
      202 |       
    > 203 |       expect(response.status()).toBeLessThan(400);
          |                                 ^
      204 |       
      205 |       const body = await response.json();
      206 |       expect(body).toHaveProperty('message');
        at /home/unloved/kdpsuite/KDP-Creator-Suite/tests/e2e/critical-flows.spec.js:203:33

    attachment #1: screenshot (image/png) ──────────────────────────────────────────────────────────
    ../../test-results/critical-flows-KDP-Creator-92035--have-working-root-endpoint-Mobile-Chrome/test-failed-1.png
    ────────────────────────────────────────────────────────────────────────────────────────────────

    attachment #2: video (video/webm) ──────────────────────────────────────────────────────────────
    ../../test-results/critical-flows-KDP-Creator-92035--have-working-root-endpoint-Mobile-Chrome/video.webm
    ────────────────────────────────────────────────────────────────────────────────────────────────

    Error Context: ../../test-results/critical-flows-KDP-Creator-92035--have-working-root-endpoint-Mobile-Chrome/error-context.md
]]>
</failure>
</testcase>
<testcase name="KDP Creator Suite - Critical Flows › Error Handling › should handle 404 gracefully" classname="critical-flows.spec.js" time="0.462">
<system-out>
<![CDATA[
[[ATTACHMENT|critical-flows-KDP-Creator-11920-hould-handle-404-gracefully-Mobile-Chrome/test-failed-1.png]]

[[ATTACHMENT|critical-flows-KDP-Creator-11920-hould-handle-404-gracefully-Mobile-Chrome/video.webm]]

[[ATTACHMENT|critical-flows-KDP-Creator-11920-hould-handle-404-gracefully-Mobile-Chrome/error-context.md]]
]]>
</system-out>
<error message="page.goto: net::ERR_NAME_NOT_RESOLVED at https://kdpsuite.com/nonexistent-page" type="Error">
<![CDATA[  [Mobile Chrome] › critical-flows.spec.js:211:5 › KDP Creator Suite - Critical Flows › Error Handling › should handle 404 gracefully 

    Error: page.goto: net::ERR_NAME_NOT_RESOLVED at https://kdpsuite.com/nonexistent-page
    Call log:
      - navigating to "https://kdpsuite.com/nonexistent-page", waiting until "networkidle"


      210 |   test.describe('Error Handling', () => {
      211 |     test('should handle 404 gracefully', async ({ page }) => {
    > 212 |       const response = await page.goto('/nonexistent-page', { waitUntil: 'networkidle' });
          |                                   ^
      213 |       
      214 |       // Should either show 404 page or redirect
      215 |       // Status should be 404 or 200 (if redirected)
        at /home/unloved/kdpsuite/KDP-Creator-Suite/tests/e2e/critical-flows.spec.js:212:35

    attachment #1: screenshot (image/png) ──────────────────────────────────────────────────────────
    ../../test-results/critical-flows-KDP-Creator-11920-hould-handle-404-gracefully-Mobile-Chrome/test-failed-1.png
    ────────────────────────────────────────────────────────────────────────────────────────────────

    attachment #2: video (video/webm) ──────────────────────────────────────────────────────────────
    ../../test-results/critical-flows-KDP-Creator-11920-hould-handle-404-gracefully-Mobile-Chrome/video.webm
    ────────────────────────────────────────────────────────────────────────────────────────────────

    Error Context: ../../test-results/critical-flows-KDP-Creator-11920-hould-handle-404-gracefully-Mobile-Chrome/error-context.md
]]>
</error>
</testcase>
<testcase name="KDP Creator Suite - Critical Flows › Error Handling › should handle network errors gracefully" classname="critical-flows.spec.js" time="0.462">
</testcase>
</testsuite>
<testsuite name="critical-flows.spec.js" timestamp="2026-07-13T13:48:31.932Z" hostname="Mobile Safari" tests="15" failures="2" skipped="0" time="105.575" errors="11">
<testcase name="KDP Creator Suite - Critical Flows › Landing Page › should load the main domain without errors" classname="critical-flows.spec.js" time="0.8">
<system-out>
<![CDATA[
[[ATTACHMENT|critical-flows-KDP-Creator-150ff--main-domain-without-errors-Mobile-Safari/test-failed-1.png]]

[[ATTACHMENT|critical-flows-KDP-Creator-150ff--main-domain-without-errors-Mobile-Safari/video.webm]]

[[ATTACHMENT|critical-flows-KDP-Creator-150ff--main-domain-without-errors-Mobile-Safari/error-context.md]]
]]>
</system-out>
<error message="page.goto: Error resolving “www.kdpsuite.com”: Name or service not known" type="Error">
<![CDATA[  [Mobile Safari] › critical-flows.spec.js:16:5 › KDP Creator Suite - Critical Flows › Landing Page › should load the main domain without errors 

    Error: page.goto: Error resolving “www.kdpsuite.com”: Name or service not known
    Call log:
      - navigating to "https://kdpsuite.com/", waiting until "networkidle"


      16 |     test('should load the main domain without errors', async ({ page }) => {
      17 |       // Navigate to main domain
    > 18 |       const response = await page.goto('https://kdpsuite.com', { waitUntil: 'networkidle' });
         |                                   ^
      19 |       
      20 |       // Check response status
      21 |       expect(response.status()).toBeLessThan(400);
        at /home/unloved/kdpsuite/KDP-Creator-Suite/tests/e2e/critical-flows.spec.js:18:35

    attachment #1: screenshot (image/png) ──────────────────────────────────────────────────────────
    ../../test-results/critical-flows-KDP-Creator-150ff--main-domain-without-errors-Mobile-Safari/test-failed-1.png
    ────────────────────────────────────────────────────────────────────────────────────────────────

    attachment #2: video (video/webm) ──────────────────────────────────────────────────────────────
    ../../test-results/critical-flows-KDP-Creator-150ff--main-domain-without-errors-Mobile-Safari/video.webm
    ────────────────────────────────────────────────────────────────────────────────────────────────

    Error Context: ../../test-results/critical-flows-KDP-Creator-150ff--main-domain-without-errors-Mobile-Safari/error-context.md
]]>
</error>
</testcase>
<testcase name="KDP Creator Suite - Critical Flows › Landing Page › should have navigation links" classname="critical-flows.spec.js" time="0.799">
<system-out>
<![CDATA[
[[ATTACHMENT|critical-flows-KDP-Creator-6de48-hould-have-navigation-links-Mobile-Safari/test-failed-1.png]]

[[ATTACHMENT|critical-flows-KDP-Creator-6de48-hould-have-navigation-links-Mobile-Safari/video.webm]]

[[ATTACHMENT|critical-flows-KDP-Creator-6de48-hould-have-navigation-links-Mobile-Safari/error-context.md]]
]]>
</system-out>
<error message="page.goto: Error resolving “www.kdpsuite.com”: Name or service not known" type="Error">
<![CDATA[  [Mobile Safari] › critical-flows.spec.js:37:5 › KDP Creator Suite - Critical Flows › Landing Page › should have navigation links 

    Error: page.goto: Error resolving “www.kdpsuite.com”: Name or service not known
    Call log:
      - navigating to "https://kdpsuite.com/", waiting until "networkidle"


      36 |
      37 |     test('should have navigation links', async ({ page }) => {
    > 38 |       await page.goto('/', { waitUntil: 'networkidle' });
         |                  ^
      39 |       
      40 |       // Check for common navigation elements
      41 |       const navLinks = page.locator('nav a, header a, [role="navigation"] a');
        at /home/unloved/kdpsuite/KDP-Creator-Suite/tests/e2e/critical-flows.spec.js:38:18

    attachment #1: screenshot (image/png) ──────────────────────────────────────────────────────────
    ../../test-results/critical-flows-KDP-Creator-6de48-hould-have-navigation-links-Mobile-Safari/test-failed-1.png
    ────────────────────────────────────────────────────────────────────────────────────────────────

    attachment #2: video (video/webm) ──────────────────────────────────────────────────────────────
    ../../test-results/critical-flows-KDP-Creator-6de48-hould-have-navigation-links-Mobile-Safari/video.webm
    ────────────────────────────────────────────────────────────────────────────────────────────────

    Error Context: ../../test-results/critical-flows-KDP-Creator-6de48-hould-have-navigation-links-Mobile-Safari/error-context.md
]]>
</error>
</testcase>
<testcase name="KDP Creator Suite - Critical Flows › Landing Page › should have login button or link" classname="critical-flows.spec.js" time="0.923">
<system-out>
<![CDATA[
[[ATTACHMENT|critical-flows-KDP-Creator-409b0-d-have-login-button-or-link-Mobile-Safari/test-failed-1.png]]

[[ATTACHMENT|critical-flows-KDP-Creator-409b0-d-have-login-button-or-link-Mobile-Safari/video.webm]]

[[ATTACHMENT|critical-flows-KDP-Creator-409b0-d-have-login-button-or-link-Mobile-Safari/error-context.md]]
]]>
</system-out>
<error message="page.goto: Error resolving “www.kdpsuite.com”: Name or service not known" type="Error">
<![CDATA[  [Mobile Safari] › critical-flows.spec.js:47:5 › KDP Creator Suite - Critical Flows › Landing Page › should have login button or link 

    Error: page.goto: Error resolving “www.kdpsuite.com”: Name or service not known
    Call log:
      - navigating to "https://kdpsuite.com/", waiting until "networkidle"


      46 |
      47 |     test('should have login button or link', async ({ page }) => {
    > 48 |       await page.goto('/', { waitUntil: 'networkidle' });
         |                  ^
      49 |       
      50 |       // Look for login button/link
      51 |       const loginButton = page.locator('button:has-text("Login"), a:has-text("Login"), button:has-text("Sign In"), a:has-text("Sign In")');
        at /home/unloved/kdpsuite/KDP-Creator-Suite/tests/e2e/critical-flows.spec.js:48:18

    attachment #1: screenshot (image/png) ──────────────────────────────────────────────────────────
    ../../test-results/critical-flows-KDP-Creator-409b0-d-have-login-button-or-link-Mobile-Safari/test-failed-1.png
    ────────────────────────────────────────────────────────────────────────────────────────────────

    attachment #2: video (video/webm) ──────────────────────────────────────────────────────────────
    ../../test-results/critical-flows-KDP-Creator-409b0-d-have-login-button-or-link-Mobile-Safari/video.webm
    ────────────────────────────────────────────────────────────────────────────────────────────────

    Error Context: ../../test-results/critical-flows-KDP-Creator-409b0-d-have-login-button-or-link-Mobile-Safari/error-context.md
]]>
</error>
</testcase>
<testcase name="KDP Creator Suite - Critical Flows › Login Flow › should navigate to login page" classname="critical-flows.spec.js" time="1.997">
</testcase>
<testcase name="KDP Creator Suite - Critical Flows › Login Flow › should show validation errors for empty form" classname="critical-flows.spec.js" time="0.961">
<system-out>
<![CDATA[
[[ATTACHMENT|critical-flows-KDP-Creator-c38a6-ation-errors-for-empty-form-Mobile-Safari/test-failed-1.png]]

[[ATTACHMENT|critical-flows-KDP-Creator-c38a6-ation-errors-for-empty-form-Mobile-Safari/video.webm]]

[[ATTACHMENT|critical-flows-KDP-Creator-c38a6-ation-errors-for-empty-form-Mobile-Safari/error-context.md]]
]]>
</system-out>
<error message="page.goto: Error resolving “www.kdpsuite.com”: Name or service not known" type="Error">
<![CDATA[  [Mobile Safari] › critical-flows.spec.js:69:5 › KDP Creator Suite - Critical Flows › Login Flow › should show validation errors for empty form 

    Error: page.goto: Error resolving “www.kdpsuite.com”: Name or service not known
    Call log:
      - navigating to "https://kdpsuite.com/login", waiting until "networkidle"


      68 |
      69 |     test('should show validation errors for empty form', async ({ page }) => {
    > 70 |       await page.goto('/login', { waitUntil: 'networkidle' });
         |                  ^
      71 |       
      72 |       // Try to submit empty form
      73 |       const submitButton = page.locator('button[type="submit"], button:has-text("Login"), button:has-text("Sign In")');
        at /home/unloved/kdpsuite/KDP-Creator-Suite/tests/e2e/critical-flows.spec.js:70:18

    attachment #1: screenshot (image/png) ──────────────────────────────────────────────────────────
    ../../test-results/critical-flows-KDP-Creator-c38a6-ation-errors-for-empty-form-Mobile-Safari/test-failed-1.png
    ────────────────────────────────────────────────────────────────────────────────────────────────

    attachment #2: video (video/webm) ──────────────────────────────────────────────────────────────
    ../../test-results/critical-flows-KDP-Creator-c38a6-ation-errors-for-empty-form-Mobile-Safari/video.webm
    ────────────────────────────────────────────────────────────────────────────────────────────────

    Error Context: ../../test-results/critical-flows-KDP-Creator-c38a6-ation-errors-for-empty-form-Mobile-Safari/error-context.md
]]>
</error>
</testcase>
<testcase name="KDP Creator Suite - Critical Flows › Login Flow › should reject invalid credentials" classname="critical-flows.spec.js" time="1.106">
<system-out>
<![CDATA[
[[ATTACHMENT|critical-flows-KDP-Creator-5f5b6--reject-invalid-credentials-Mobile-Safari/test-failed-1.png]]

[[ATTACHMENT|critical-flows-KDP-Creator-5f5b6--reject-invalid-credentials-Mobile-Safari/video.webm]]

[[ATTACHMENT|critical-flows-KDP-Creator-5f5b6--reject-invalid-credentials-Mobile-Safari/error-context.md]]
]]>
</system-out>
<error message="page.goto: Error resolving “www.kdpsuite.com”: Name or service not known" type="Error">
<![CDATA[  [Mobile Safari] › critical-flows.spec.js:84:5 › KDP Creator Suite - Critical Flows › Login Flow › should reject invalid credentials 

    Error: page.goto: Error resolving “www.kdpsuite.com”: Name or service not known
    Call log:
      - navigating to "https://kdpsuite.com/login", waiting until "networkidle"


      83 |
      84 |     test('should reject invalid credentials', async ({ page }) => {
    > 85 |       await page.goto('/login', { waitUntil: 'networkidle' });
         |                  ^
      86 |       
      87 |       // Fill with invalid credentials
      88 |       await page.fill('input[type="email"]', 'invalid@test.com');
        at /home/unloved/kdpsuite/KDP-Creator-Suite/tests/e2e/critical-flows.spec.js:85:18

    attachment #1: screenshot (image/png) ──────────────────────────────────────────────────────────
    ../../test-results/critical-flows-KDP-Creator-5f5b6--reject-invalid-credentials-Mobile-Safari/test-failed-1.png
    ────────────────────────────────────────────────────────────────────────────────────────────────

    attachment #2: video (video/webm) ──────────────────────────────────────────────────────────────
    ../../test-results/critical-flows-KDP-Creator-5f5b6--reject-invalid-credentials-Mobile-Safari/video.webm
    ────────────────────────────────────────────────────────────────────────────────────────────────

    Error Context: ../../test-results/critical-flows-KDP-Creator-5f5b6--reject-invalid-credentials-Mobile-Safari/error-context.md
]]>
</error>
</testcase>
<testcase name="KDP Creator Suite - Critical Flows › Login Flow › should successfully login with valid credentials" classname="critical-flows.spec.js" time="1.018">
<system-out>
<![CDATA[
[[ATTACHMENT|critical-flows-KDP-Creator-7dce5-ogin-with-valid-credentials-Mobile-Safari/test-failed-1.png]]

[[ATTACHMENT|critical-flows-KDP-Creator-7dce5-ogin-with-valid-credentials-Mobile-Safari/video.webm]]

[[ATTACHMENT|critical-flows-KDP-Creator-7dce5-ogin-with-valid-credentials-Mobile-Safari/error-context.md]]
]]>
</system-out>
<error message="page.goto: Error resolving “www.kdpsuite.com”: Name or service not known" type="Error">
<![CDATA[  [Mobile Safari] › critical-flows.spec.js:106:5 › KDP Creator Suite - Critical Flows › Login Flow › should successfully login with valid credentials 

    Error: page.goto: Error resolving “www.kdpsuite.com”: Name or service not known
    Call log:
      - navigating to "https://kdpsuite.com/login", waiting until "networkidle"


      105 |
      106 |     test('should successfully login with valid credentials', async ({ page }) => {
    > 107 |       await page.goto('/login', { waitUntil: 'networkidle' });
          |                  ^
      108 |       
      109 |       const email = process.env.TEST_USER_EMAIL || 'unlovedproducts@gmail.com';
      110 |       const password = process.env.TEST_USER_PASSWORD || 'Appl3p1376!';
        at /home/unloved/kdpsuite/KDP-Creator-Suite/tests/e2e/critical-flows.spec.js:107:18

    attachment #1: screenshot (image/png) ──────────────────────────────────────────────────────────
    ../../test-results/critical-flows-KDP-Creator-7dce5-ogin-with-valid-credentials-Mobile-Safari/test-failed-1.png
    ────────────────────────────────────────────────────────────────────────────────────────────────

    attachment #2: video (video/webm) ──────────────────────────────────────────────────────────────
    ../../test-results/critical-flows-KDP-Creator-7dce5-ogin-with-valid-credentials-Mobile-Safari/video.webm
    ────────────────────────────────────────────────────────────────────────────────────────────────

    Error Context: ../../test-results/critical-flows-KDP-Creator-7dce5-ogin-with-valid-credentials-Mobile-Safari/error-context.md
]]>
</error>
</testcase>
<testcase name="KDP Creator Suite - Critical Flows › Dashboard › should load dashboard without spinner stuck" classname="critical-flows.spec.js" time="17.473">
<system-out>
<![CDATA[
[[ATTACHMENT|critical-flows-KDP-Creator-38ad0-board-without-spinner-stuck-Mobile-Safari/test-failed-1.png]]

[[ATTACHMENT|critical-flows-KDP-Creator-38ad0-board-without-spinner-stuck-Mobile-Safari/video.webm]]

[[ATTACHMENT|critical-flows-KDP-Creator-38ad0-board-without-spinner-stuck-Mobile-Safari/error-context.md]]
]]>
</system-out>
<error message="page.waitForURL: Timeout 15000ms exceeded." type="TimeoutError">
<![CDATA[  [Mobile Safari] › critical-flows.spec.js:147:5 › KDP Creator Suite - Critical Flows › Dashboard › should load dashboard without spinner stuck 

    TimeoutError: page.waitForURL: Timeout 15000ms exceeded.
    =========================== logs ===========================
    waiting for navigation to "/" until "load"
      navigated to "https://www.dashboard.kdpsuite.com/"
    ============================================================

      141 |       
      142 |       // Wait for dashboard
    > 143 |       await page.waitForURL('/', { timeout: 15000 });
          |                  ^
      144 |       await page.waitForLoadState('networkidle');
      145 |     });
      146 |
        at /home/unloved/kdpsuite/KDP-Creator-Suite/tests/e2e/critical-flows.spec.js:143:18

    attachment #1: screenshot (image/png) ──────────────────────────────────────────────────────────
    ../../test-results/critical-flows-KDP-Creator-38ad0-board-without-spinner-stuck-Mobile-Safari/test-failed-1.png
    ────────────────────────────────────────────────────────────────────────────────────────────────

    attachment #2: video (video/webm) ──────────────────────────────────────────────────────────────
    ../../test-results/critical-flows-KDP-Creator-38ad0-board-without-spinner-stuck-Mobile-Safari/video.webm
    ────────────────────────────────────────────────────────────────────────────────────────────────

    Error Context: ../../test-results/critical-flows-KDP-Creator-38ad0-board-without-spinner-stuck-Mobile-Safari/error-context.md
]]>
</error>
</testcase>
<testcase name="KDP Creator Suite - Critical Flows › Dashboard › should display user information" classname="critical-flows.spec.js" time="17.398">
<system-out>
<![CDATA[
[[ATTACHMENT|critical-flows-KDP-Creator-480f9-ld-display-user-information-Mobile-Safari/test-failed-1.png]]

[[ATTACHMENT|critical-flows-KDP-Creator-480f9-ld-display-user-information-Mobile-Safari/video.webm]]

[[ATTACHMENT|critical-flows-KDP-Creator-480f9-ld-display-user-information-Mobile-Safari/error-context.md]]
]]>
</system-out>
<error message="page.waitForURL: Timeout 15000ms exceeded." type="TimeoutError">
<![CDATA[  [Mobile Safari] › critical-flows.spec.js:162:5 › KDP Creator Suite - Critical Flows › Dashboard › should display user information 

    TimeoutError: page.waitForURL: Timeout 15000ms exceeded.
    =========================== logs ===========================
    waiting for navigation to "/" until "load"
      navigated to "https://www.dashboard.kdpsuite.com/"
    ============================================================

      141 |       
      142 |       // Wait for dashboard
    > 143 |       await page.waitForURL('/', { timeout: 15000 });
          |                  ^
      144 |       await page.waitForLoadState('networkidle');
      145 |     });
      146 |
        at /home/unloved/kdpsuite/KDP-Creator-Suite/tests/e2e/critical-flows.spec.js:143:18

    attachment #1: screenshot (image/png) ──────────────────────────────────────────────────────────
    ../../test-results/critical-flows-KDP-Creator-480f9-ld-display-user-information-Mobile-Safari/test-failed-1.png
    ────────────────────────────────────────────────────────────────────────────────────────────────

    attachment #2: video (video/webm) ──────────────────────────────────────────────────────────────
    ../../test-results/critical-flows-KDP-Creator-480f9-ld-display-user-information-Mobile-Safari/video.webm
    ────────────────────────────────────────────────────────────────────────────────────────────────

    Error Context: ../../test-results/critical-flows-KDP-Creator-480f9-ld-display-user-information-Mobile-Safari/error-context.md
]]>
</error>
</testcase>
<testcase name="KDP Creator Suite - Critical Flows › Dashboard › should have logout button" classname="critical-flows.spec.js" time="17.291">
<system-out>
<![CDATA[
[[ATTACHMENT|critical-flows-KDP-Creator-4a6d8-d-should-have-logout-button-Mobile-Safari/test-failed-1.png]]

[[ATTACHMENT|critical-flows-KDP-Creator-4a6d8-d-should-have-logout-button-Mobile-Safari/video.webm]]

[[ATTACHMENT|critical-flows-KDP-Creator-4a6d8-d-should-have-logout-button-Mobile-Safari/error-context.md]]
]]>
</system-out>
<error message="page.waitForURL: Timeout 15000ms exceeded." type="TimeoutError">
<![CDATA[  [Mobile Safari] › critical-flows.spec.js:171:5 › KDP Creator Suite - Critical Flows › Dashboard › should have logout button 

    TimeoutError: page.waitForURL: Timeout 15000ms exceeded.
    =========================== logs ===========================
    waiting for navigation to "/" until "load"
      navigated to "https://www.dashboard.kdpsuite.com/"
    ============================================================

      141 |       
      142 |       // Wait for dashboard
    > 143 |       await page.waitForURL('/', { timeout: 15000 });
          |                  ^
      144 |       await page.waitForLoadState('networkidle');
      145 |     });
      146 |
        at /home/unloved/kdpsuite/KDP-Creator-Suite/tests/e2e/critical-flows.spec.js:143:18

    attachment #1: screenshot (image/png) ──────────────────────────────────────────────────────────
    ../../test-results/critical-flows-KDP-Creator-4a6d8-d-should-have-logout-button-Mobile-Safari/test-failed-1.png
    ────────────────────────────────────────────────────────────────────────────────────────────────

    attachment #2: video (video/webm) ──────────────────────────────────────────────────────────────
    ../../test-results/critical-flows-KDP-Creator-4a6d8-d-should-have-logout-button-Mobile-Safari/video.webm
    ────────────────────────────────────────────────────────────────────────────────────────────────

    Error Context: ../../test-results/critical-flows-KDP-Creator-4a6d8-d-should-have-logout-button-Mobile-Safari/error-context.md
]]>
</error>
</testcase>
<testcase name="KDP Creator Suite - Critical Flows › Dashboard › should handle logout" classname="critical-flows.spec.js" time="17.82">
<system-out>
<![CDATA[
[[ATTACHMENT|critical-flows-KDP-Creator-d1516-hboard-should-handle-logout-Mobile-Safari/test-failed-1.png]]

[[ATTACHMENT|critical-flows-KDP-Creator-d1516-hboard-should-handle-logout-Mobile-Safari/video.webm]]

[[ATTACHMENT|critical-flows-KDP-Creator-d1516-hboard-should-handle-logout-Mobile-Safari/error-context.md]]
]]>
</system-out>
<error message="page.waitForURL: Timeout 15000ms exceeded." type="TimeoutError">
<![CDATA[  [Mobile Safari] › critical-flows.spec.js:177:5 › KDP Creator Suite - Critical Flows › Dashboard › should handle logout 

    TimeoutError: page.waitForURL: Timeout 15000ms exceeded.
    =========================== logs ===========================
    waiting for navigation to "/" until "load"
      navigated to "https://www.dashboard.kdpsuite.com/"
    ============================================================

      141 |       
      142 |       // Wait for dashboard
    > 143 |       await page.waitForURL('/', { timeout: 15000 });
          |                  ^
      144 |       await page.waitForLoadState('networkidle');
      145 |     });
      146 |
        at /home/unloved/kdpsuite/KDP-Creator-Suite/tests/e2e/critical-flows.spec.js:143:18

    attachment #1: screenshot (image/png) ──────────────────────────────────────────────────────────
    ../../test-results/critical-flows-KDP-Creator-d1516-hboard-should-handle-logout-Mobile-Safari/test-failed-1.png
    ────────────────────────────────────────────────────────────────────────────────────────────────

    attachment #2: video (video/webm) ──────────────────────────────────────────────────────────────
    ../../test-results/critical-flows-KDP-Creator-d1516-hboard-should-handle-logout-Mobile-Safari/video.webm
    ────────────────────────────────────────────────────────────────────────────────────────────────

    Error Context: ../../test-results/critical-flows-KDP-Creator-d1516-hboard-should-handle-logout-Mobile-Safari/error-context.md
]]>
</error>
</testcase>
<testcase name="KDP Creator Suite - Critical Flows › API Health › should have working health endpoint" classname="critical-flows.spec.js" time="13.556">
<system-out>
<![CDATA[
[[ATTACHMENT|critical-flows-KDP-Creator-6dbe1-ave-working-health-endpoint-Mobile-Safari/test-failed-1.png]]

[[ATTACHMENT|critical-flows-KDP-Creator-6dbe1-ave-working-health-endpoint-Mobile-Safari/video.webm]]

[[ATTACHMENT|critical-flows-KDP-Creator-6dbe1-ave-working-health-endpoint-Mobile-Safari/error-context.md]]
]]>
</system-out>
<failure message="expect(received).toBeLessThan(expected)" type="expect.toBeLessThan">
<![CDATA[  [Mobile Safari] › critical-flows.spec.js:191:5 › KDP Creator Suite - Critical Flows › API Health › should have working health endpoint 

    Error: expect(received).toBeLessThan(expected)

    Expected: < 400
    Received:   500

      192 |       const response = await page.request.get('https://dashboard.kdpsuite.com/api/health');
      193 |       
    > 194 |       expect(response.status()).toBeLessThan(400);
          |                                 ^
      195 |       
      196 |       const body = await response.json();
      197 |       expect(body).toHaveProperty('status');
        at /home/unloved/kdpsuite/KDP-Creator-Suite/tests/e2e/critical-flows.spec.js:194:33

    attachment #1: screenshot (image/png) ──────────────────────────────────────────────────────────
    ../../test-results/critical-flows-KDP-Creator-6dbe1-ave-working-health-endpoint-Mobile-Safari/test-failed-1.png
    ────────────────────────────────────────────────────────────────────────────────────────────────

    attachment #2: video (video/webm) ──────────────────────────────────────────────────────────────
    ../../test-results/critical-flows-KDP-Creator-6dbe1-ave-working-health-endpoint-Mobile-Safari/video.webm
    ────────────────────────────────────────────────────────────────────────────────────────────────

    Error Context: ../../test-results/critical-flows-KDP-Creator-6dbe1-ave-working-health-endpoint-Mobile-Safari/error-context.md
]]>
</failure>
</testcase>
<testcase name="KDP Creator Suite - Critical Flows › API Health › should have working root endpoint" classname="critical-flows.spec.js" time="11.736">
<system-out>
<![CDATA[
[[ATTACHMENT|critical-flows-KDP-Creator-92035--have-working-root-endpoint-Mobile-Safari/test-failed-1.png]]

[[ATTACHMENT|critical-flows-KDP-Creator-92035--have-working-root-endpoint-Mobile-Safari/video.webm]]

[[ATTACHMENT|critical-flows-KDP-Creator-92035--have-working-root-endpoint-Mobile-Safari/error-context.md]]
]]>
</system-out>
<failure message="expect(received).toBeLessThan(expected)" type="expect.toBeLessThan">
<![CDATA[  [Mobile Safari] › critical-flows.spec.js:200:5 › KDP Creator Suite - Critical Flows › API Health › should have working root endpoint 

    Error: expect(received).toBeLessThan(expected)

    Expected: < 400
    Received:   500

      201 |       const response = await page.request.get('https://dashboard.kdpsuite.com/api');
      202 |       
    > 203 |       expect(response.status()).toBeLessThan(400);
          |                                 ^
      204 |       
      205 |       const body = await response.json();
      206 |       expect(body).toHaveProperty('message');
        at /home/unloved/kdpsuite/KDP-Creator-Suite/tests/e2e/critical-flows.spec.js:203:33

    attachment #1: screenshot (image/png) ──────────────────────────────────────────────────────────
    ../../test-results/critical-flows-KDP-Creator-92035--have-working-root-endpoint-Mobile-Safari/test-failed-1.png
    ────────────────────────────────────────────────────────────────────────────────────────────────

    attachment #2: video (video/webm) ──────────────────────────────────────────────────────────────
    ../../test-results/critical-flows-KDP-Creator-92035--have-working-root-endpoint-Mobile-Safari/video.webm
    ────────────────────────────────────────────────────────────────────────────────────────────────

    Error Context: ../../test-results/critical-flows-KDP-Creator-92035--have-working-root-endpoint-Mobile-Safari/error-context.md
]]>
</failure>
</testcase>
<testcase name="KDP Creator Suite - Critical Flows › Error Handling › should handle 404 gracefully" classname="critical-flows.spec.js" time="1.466">
<system-out>
<![CDATA[
[[ATTACHMENT|critical-flows-KDP-Creator-11920-hould-handle-404-gracefully-Mobile-Safari/test-failed-1.png]]

[[ATTACHMENT|critical-flows-KDP-Creator-11920-hould-handle-404-gracefully-Mobile-Safari/video.webm]]

[[ATTACHMENT|critical-flows-KDP-Creator-11920-hould-handle-404-gracefully-Mobile-Safari/error-context.md]]
]]>
</system-out>
<error message="page.goto: Error resolving “www.kdpsuite.com”: Name or service not known" type="Error">
<![CDATA[  [Mobile Safari] › critical-flows.spec.js:211:5 › KDP Creator Suite - Critical Flows › Error Handling › should handle 404 gracefully 

    Error: page.goto: Error resolving “www.kdpsuite.com”: Name or service not known
    Call log:
      - navigating to "https://kdpsuite.com/nonexistent-page", waiting until "networkidle"


      210 |   test.describe('Error Handling', () => {
      211 |     test('should handle 404 gracefully', async ({ page }) => {
    > 212 |       const response = await page.goto('/nonexistent-page', { waitUntil: 'networkidle' });
          |                                   ^
      213 |       
      214 |       // Should either show 404 page or redirect
      215 |       // Status should be 404 or 200 (if redirected)
        at /home/unloved/kdpsuite/KDP-Creator-Suite/tests/e2e/critical-flows.spec.js:212:35

    attachment #1: screenshot (image/png) ──────────────────────────────────────────────────────────
    ../../test-results/critical-flows-KDP-Creator-11920-hould-handle-404-gracefully-Mobile-Safari/test-failed-1.png
    ────────────────────────────────────────────────────────────────────────────────────────────────

    attachment #2: video (video/webm) ──────────────────────────────────────────────────────────────
    ../../test-results/critical-flows-KDP-Creator-11920-hould-handle-404-gracefully-Mobile-Safari/video.webm
    ────────────────────────────────────────────────────────────────────────────────────────────────

    Error Context: ../../test-results/critical-flows-KDP-Creator-11920-hould-handle-404-gracefully-Mobile-Safari/error-context.md
]]>
</error>
</testcase>
<testcase name="KDP Creator Suite - Critical Flows › Error Handling › should handle network errors gracefully" classname="critical-flows.spec.js" time="1.231">
</testcase>
</testsuite>
</testsuites>